Archive member included because of file (symbol)

/home/brian/cmpt433/AM335X_StarterWare_02_00_01_01//binary/armv7a/gcc/am335x/drivers/Debug/libdrivers.a(dmtimer.o)
                              Debug/bm_timer.o (DMTimerEnable)
/home/brian/cmpt433/AM335X_StarterWare_02_00_01_01//binary/armv7a/gcc/am335x/drivers/Debug/libdrivers.a(watchdog.o)
                              Debug/bm_timer.o (WatchdogTimerTriggerSet)
/home/brian/cmpt433/AM335X_StarterWare_02_00_01_01//binary/armv7a/gcc/utils/Debug/libutils.a(consoleUtils.o)
                              Debug/bm_timer.o (ConsoleUtilsInit)
/home/brian/cmpt433/AM335X_StarterWare_02_00_01_01//binary/armv7a/gcc/utils/Debug/libutils.a(uartStdio.o)
                              /home/brian/cmpt433/AM335X_StarterWare_02_00_01_01//binary/armv7a/gcc/utils/Debug/libutils.a(consoleUtils.o) (UARTStdioInit)
/home/brian/cmpt433/AM335X_StarterWare_02_00_01_01//binary/armv7a/gcc/utils/Debug/libutils.a(ascii.o)
                              /home/brian/cmpt433/AM335X_StarterWare_02_00_01_01//binary/armv7a/gcc/utils/Debug/libutils.a(uartStdio.o) (ASCIIToDigit)
/home/brian/cmpt433/AM335X_StarterWare_02_00_01_01//binary/armv7a/gcc/am335x/beaglebone/platform/Debug/libplatform.a(dmtimer.o)
                              Debug/bm_timer.o (DMTimer2ModuleClkConfig)
/home/brian/cmpt433/AM335X_StarterWare_02_00_01_01//binary/armv7a/gcc/am335x/beaglebone/platform/Debug/libplatform.a(uartConsole.o)
                              /home/brian/cmpt433/AM335X_StarterWare_02_00_01_01//binary/armv7a/gcc/utils/Debug/libutils.a(uartStdio.o) (UARTConsoleInit)
/home/brian/cmpt433/AM335X_StarterWare_02_00_01_01//binary/armv7a/gcc/am335x/beaglebone/platform/Debug/libplatform.a(uart.o)
                              /home/brian/cmpt433/AM335X_StarterWare_02_00_01_01//binary/armv7a/gcc/am335x/beaglebone/platform/Debug/libplatform.a(uartConsole.o) (UARTPinMuxSetup)
/home/brian/cmpt433/AM335X_StarterWare_02_00_01_01//binary/armv7a/gcc/am335x/system_config/Debug/libsystem_config.a(init.o)
                              (Entry)
/home/brian/cmpt433/AM335X_StarterWare_02_00_01_01//binary/armv7a/gcc/am335x/system_config/Debug/libsystem_config.a(interrupt.o)
                              Debug/bm_timer.o (IntRegister)
/home/brian/cmpt433/AM335X_StarterWare_02_00_01_01//binary/armv7a/gcc/am335x/system_config/Debug/libsystem_config.a(startup.o)
                              /home/brian/cmpt433/AM335X_StarterWare_02_00_01_01//binary/armv7a/gcc/am335x/system_config/Debug/libsystem_config.a(init.o) (start_boot)
/home/brian/cmpt433/AM335X_StarterWare_02_00_01_01//binary/armv7a/gcc/am335x/system_config/Debug/libsystem_config.a(cp15.o)
                              /home/brian/cmpt433/AM335X_StarterWare_02_00_01_01//binary/armv7a/gcc/am335x/system_config/Debug/libsystem_config.a(startup.o) (CP15VectorBaseAddrSet)
/home/brian/cmpt433/AM335X_StarterWare_02_00_01_01//binary/armv7a/gcc/am335x/system_config/Debug/libsystem_config.a(cpu.o)
                              /home/brian/cmpt433/AM335X_StarterWare_02_00_01_01//binary/armv7a/gcc/am335x/system_config/Debug/libsystem_config.a(interrupt.o) (CPUIntStatus)
/home/brian/cmpt433/AM335X_StarterWare_02_00_01_01//binary/armv7a/gcc/am335x/system_config/Debug/libsystem_config.a(exceptionhandler.o)
                              /home/brian/cmpt433/AM335X_StarterWare_02_00_01_01//binary/armv7a/gcc/am335x/system_config/Debug/libsystem_config.a(startup.o) (IRQHandler)
/home/brian/cmpt433/linaro-gcc/gcc-arm-none-eabi-4_7-2012q4/lib/gcc/arm-none-eabi/4.7.3//libgcc.a(_udivsi3.o)
                              (__aeabi_uidiv)
/home/brian/cmpt433/linaro-gcc/gcc-arm-none-eabi-4_7-2012q4/lib/gcc/arm-none-eabi/4.7.3//libgcc.a(_divsi3.o)
                              (__aeabi_idiv)
/home/brian/cmpt433/linaro-gcc/gcc-arm-none-eabi-4_7-2012q4/lib/gcc/arm-none-eabi/4.7.3//libgcc.a(_dvmd_tls.o)
                              /home/brian/cmpt433/linaro-gcc/gcc-arm-none-eabi-4_7-2012q4/lib/gcc/arm-none-eabi/4.7.3//libgcc.a(_udivsi3.o) (__aeabi_idiv0)
/home/brian/cmpt433/AM335X_StarterWare_02_00_01_01//binary/armv7a/gcc/am335x/drivers/Debug/libdrivers.a(uart_irda_cir.o)
                              /home/brian/cmpt433/AM335X_StarterWare_02_00_01_01//binary/armv7a/gcc/am335x/beaglebone/platform/Debug/libplatform.a(uartConsole.o) (UARTOperatingModeSelect)

Allocating common symbols
Common symbol       size              file

fnRAMVectors        0x200             /home/brian/cmpt433/AM335X_StarterWare_02_00_01_01//binary/armv7a/gcc/am335x/system_config/Debug/libsystem_config.a(interrupt.o)

Discarded input sections

 .text          0x00000000        0x0 Debug/bm_timer.o
 .data          0x00000000        0x0 Debug/bm_timer.o
 .bss           0x00000000        0x0 Debug/bm_timer.o
 .text          0x00000000        0x0 /home/brian/cmpt433/AM335X_StarterWare_02_00_01_01//binary/armv7a/gcc/am335x/drivers/Debug/libdrivers.a(dmtimer.o)
 .data          0x00000000        0x0 /home/brian/cmpt433/AM335X_StarterWare_02_00_01_01//binary/armv7a/gcc/am335x/drivers/Debug/libdrivers.a(dmtimer.o)
 .bss           0x00000000        0x0 /home/brian/cmpt433/AM335X_StarterWare_02_00_01_01//binary/armv7a/gcc/am335x/drivers/Debug/libdrivers.a(dmtimer.o)
 .text.DMTimerDisable
                0x00000000       0x6c /home/brian/cmpt433/AM335X_StarterWare_02_00_01_01//binary/armv7a/gcc/am335x/drivers/Debug/libdrivers.a(dmtimer.o)
 .text.DMTimerPreScalerClkEnable
                0x00000000       0xcc /home/brian/cmpt433/AM335X_StarterWare_02_00_01_01//binary/armv7a/gcc/am335x/drivers/Debug/libdrivers.a(dmtimer.o)
 .text.DMTimerCounterGet
                0x00000000       0x60 /home/brian/cmpt433/AM335X_StarterWare_02_00_01_01//binary/armv7a/gcc/am335x/drivers/Debug/libdrivers.a(dmtimer.o)
 .text.DMTimerReloadGet
                0x00000000       0x2c /home/brian/cmpt433/AM335X_StarterWare_02_00_01_01//binary/armv7a/gcc/am335x/drivers/Debug/libdrivers.a(dmtimer.o)
 .text.DMTimerGPOConfigure
                0x00000000       0xcc /home/brian/cmpt433/AM335X_StarterWare_02_00_01_01//binary/armv7a/gcc/am335x/drivers/Debug/libdrivers.a(dmtimer.o)
 .text.DMTimerCompareSet
                0x00000000       0x64 /home/brian/cmpt433/AM335X_StarterWare_02_00_01_01//binary/armv7a/gcc/am335x/drivers/Debug/libdrivers.a(dmtimer.o)
 .text.DMTimerCompareGet
                0x00000000       0x2c /home/brian/cmpt433/AM335X_StarterWare_02_00_01_01//binary/armv7a/gcc/am335x/drivers/Debug/libdrivers.a(dmtimer.o)
 .text.DMTimerIntRawStatusSet
                0x00000000       0x34 /home/brian/cmpt433/AM335X_StarterWare_02_00_01_01//binary/armv7a/gcc/am335x/drivers/Debug/libdrivers.a(dmtimer.o)
 .text.DMTimerIntRawStatusGet
                0x00000000       0x2c /home/brian/cmpt433/AM335X_StarterWare_02_00_01_01//binary/armv7a/gcc/am335x/drivers/Debug/libdrivers.a(dmtimer.o)
 .text.DMTimerIntStatusGet
                0x00000000       0x2c /home/brian/cmpt433/AM335X_StarterWare_02_00_01_01//binary/armv7a/gcc/am335x/drivers/Debug/libdrivers.a(dmtimer.o)
 .text.DMTimerTriggerSet
                0x00000000       0x60 /home/brian/cmpt433/AM335X_StarterWare_02_00_01_01//binary/armv7a/gcc/am335x/drivers/Debug/libdrivers.a(dmtimer.o)
 .text.DMTimerIntEnableGet
                0x00000000       0x2c /home/brian/cmpt433/AM335X_StarterWare_02_00_01_01//binary/armv7a/gcc/am335x/drivers/Debug/libdrivers.a(dmtimer.o)
 .text.DMTimerResetConfigure
                0x00000000       0x60 /home/brian/cmpt433/AM335X_StarterWare_02_00_01_01//binary/armv7a/gcc/am335x/drivers/Debug/libdrivers.a(dmtimer.o)
 .text.DMTimerReset
                0x00000000       0x54 /home/brian/cmpt433/AM335X_StarterWare_02_00_01_01//binary/armv7a/gcc/am335x/drivers/Debug/libdrivers.a(dmtimer.o)
 .text.DMTimerContextSave
                0x00000000       0xb8 /home/brian/cmpt433/AM335X_StarterWare_02_00_01_01//binary/armv7a/gcc/am335x/drivers/Debug/libdrivers.a(dmtimer.o)
 .text.DMTimerContextRestore
                0x00000000      0x160 /home/brian/cmpt433/AM335X_StarterWare_02_00_01_01//binary/armv7a/gcc/am335x/drivers/Debug/libdrivers.a(dmtimer.o)
 .text.DMTimerPostedModeConfig
                0x00000000       0x60 /home/brian/cmpt433/AM335X_StarterWare_02_00_01_01//binary/armv7a/gcc/am335x/drivers/Debug/libdrivers.a(dmtimer.o)
 .text          0x00000000        0x0 /home/brian/cmpt433/AM335X_StarterWare_02_00_01_01//binary/armv7a/gcc/am335x/drivers/Debug/libdrivers.a(watchdog.o)
 .data          0x00000000        0x0 /home/brian/cmpt433/AM335X_StarterWare_02_00_01_01//binary/armv7a/gcc/am335x/drivers/Debug/libdrivers.a(watchdog.o)
 .bss           0x00000000        0x0 /home/brian/cmpt433/AM335X_StarterWare_02_00_01_01//binary/armv7a/gcc/am335x/drivers/Debug/libdrivers.a(watchdog.o)
 .text.WatchdogTimerEnable
                0x00000000       0x80 /home/brian/cmpt433/AM335X_StarterWare_02_00_01_01//binary/armv7a/gcc/am335x/drivers/Debug/libdrivers.a(watchdog.o)
 .text.WatchdogTimerDisable
                0x00000000       0x80 /home/brian/cmpt433/AM335X_StarterWare_02_00_01_01//binary/armv7a/gcc/am335x/drivers/Debug/libdrivers.a(watchdog.o)
 .text.WatchdogTimerRevisionIDGet
                0x00000000       0x28 /home/brian/cmpt433/AM335X_StarterWare_02_00_01_01//binary/armv7a/gcc/am335x/drivers/Debug/libdrivers.a(watchdog.o)
 .text.WatchdogTimerReset
                0x00000000       0x54 /home/brian/cmpt433/AM335X_StarterWare_02_00_01_01//binary/armv7a/gcc/am335x/drivers/Debug/libdrivers.a(watchdog.o)
 .text.WatchdogTimerPreScalerClkEnable
                0x00000000       0xa8 /home/brian/cmpt433/AM335X_StarterWare_02_00_01_01//binary/armv7a/gcc/am335x/drivers/Debug/libdrivers.a(watchdog.o)
 .text.WatchdogTimerPreScalerClkDisable
                0x00000000       0x58 /home/brian/cmpt433/AM335X_StarterWare_02_00_01_01//binary/armv7a/gcc/am335x/drivers/Debug/libdrivers.a(watchdog.o)
 .text.WatchdogTimerCounterSet
                0x00000000       0x50 /home/brian/cmpt433/AM335X_StarterWare_02_00_01_01//binary/armv7a/gcc/am335x/drivers/Debug/libdrivers.a(watchdog.o)
 .text.WatchdogTimerCounterGet
                0x00000000       0x2c /home/brian/cmpt433/AM335X_StarterWare_02_00_01_01//binary/armv7a/gcc/am335x/drivers/Debug/libdrivers.a(watchdog.o)
 .text.WatchdogTimerReloadSet
                0x00000000       0x50 /home/brian/cmpt433/AM335X_StarterWare_02_00_01_01//binary/armv7a/gcc/am335x/drivers/Debug/libdrivers.a(watchdog.o)
 .text.WatchdogTimerReloadGet
                0x00000000       0x2c /home/brian/cmpt433/AM335X_StarterWare_02_00_01_01//binary/armv7a/gcc/am335x/drivers/Debug/libdrivers.a(watchdog.o)
 .text.WatchdogTimerDelaySet
                0x00000000       0x50 /home/brian/cmpt433/AM335X_StarterWare_02_00_01_01//binary/armv7a/gcc/am335x/drivers/Debug/libdrivers.a(watchdog.o)
 .text.WatchdogTimerDelayGet
                0x00000000       0x2c /home/brian/cmpt433/AM335X_StarterWare_02_00_01_01//binary/armv7a/gcc/am335x/drivers/Debug/libdrivers.a(watchdog.o)
 .text.WatchdogTimerIntRawStatusSet
                0x00000000       0x34 /home/brian/cmpt433/AM335X_StarterWare_02_00_01_01//binary/armv7a/gcc/am335x/drivers/Debug/libdrivers.a(watchdog.o)
 .text.WatchdogTimerIntRawStatusGet
                0x00000000       0x2c /home/brian/cmpt433/AM335X_StarterWare_02_00_01_01//binary/armv7a/gcc/am335x/drivers/Debug/libdrivers.a(watchdog.o)
 .text.WatchdogTimerIntStatusGet
                0x00000000       0x2c /home/brian/cmpt433/AM335X_StarterWare_02_00_01_01//binary/armv7a/gcc/am335x/drivers/Debug/libdrivers.a(watchdog.o)
 .text.WatchdogTimerIntStatusClear
                0x00000000       0x34 /home/brian/cmpt433/AM335X_StarterWare_02_00_01_01//binary/armv7a/gcc/am335x/drivers/Debug/libdrivers.a(watchdog.o)
 .text.WatchdogTimerIntEnable
                0x00000000       0x34 /home/brian/cmpt433/AM335X_StarterWare_02_00_01_01//binary/armv7a/gcc/am335x/drivers/Debug/libdrivers.a(watchdog.o)
 .text.WatchdogTimerIntEnableStatusGet
                0x00000000       0x2c /home/brian/cmpt433/AM335X_StarterWare_02_00_01_01//binary/armv7a/gcc/am335x/drivers/Debug/libdrivers.a(watchdog.o)
 .text.WatchdogTimerIntDisable
                0x00000000       0x34 /home/brian/cmpt433/AM335X_StarterWare_02_00_01_01//binary/armv7a/gcc/am335x/drivers/Debug/libdrivers.a(watchdog.o)
 .text          0x00000000        0x0 /home/brian/cmpt433/AM335X_StarterWare_02_00_01_01//binary/armv7a/gcc/utils/Debug/libutils.a(consoleUtils.o)
 .data          0x00000000        0x0 /home/brian/cmpt433/AM335X_StarterWare_02_00_01_01//binary/armv7a/gcc/utils/Debug/libutils.a(consoleUtils.o)
 .bss           0x00000000        0x0 /home/brian/cmpt433/AM335X_StarterWare_02_00_01_01//binary/armv7a/gcc/utils/Debug/libutils.a(consoleUtils.o)
 .text.ConsoleUtilsScanf
                0x00000000       0x80 /home/brian/cmpt433/AM335X_StarterWare_02_00_01_01//binary/armv7a/gcc/utils/Debug/libutils.a(consoleUtils.o)
 .text.ConsoleUtilsGets
                0x00000000       0x74 /home/brian/cmpt433/AM335X_StarterWare_02_00_01_01//binary/armv7a/gcc/utils/Debug/libutils.a(consoleUtils.o)
 .text.ConsoleUtilsPuts
                0x00000000       0x60 /home/brian/cmpt433/AM335X_StarterWare_02_00_01_01//binary/armv7a/gcc/utils/Debug/libutils.a(consoleUtils.o)
 .text.ConsoleUtilsGetChar
                0x00000000       0xa8 /home/brian/cmpt433/AM335X_StarterWare_02_00_01_01//binary/armv7a/gcc/utils/Debug/libutils.a(consoleUtils.o)
 .text.ConsoleUtilsPutChar
                0x00000000       0x60 /home/brian/cmpt433/AM335X_StarterWare_02_00_01_01//binary/armv7a/gcc/utils/Debug/libutils.a(consoleUtils.o)
 .text          0x00000000        0x0 /home/brian/cmpt433/AM335X_StarterWare_02_00_01_01//binary/armv7a/gcc/utils/Debug/libutils.a(uartStdio.o)
 .data          0x00000000        0x0 /home/brian/cmpt433/AM335X_StarterWare_02_00_01_01//binary/armv7a/gcc/utils/Debug/libutils.a(uartStdio.o)
 .bss           0x00000000        0x0 /home/brian/cmpt433/AM335X_StarterWare_02_00_01_01//binary/armv7a/gcc/utils/Debug/libutils.a(uartStdio.o)
 .text.UARTStdioRead
                0x00000000       0xd0 /home/brian/cmpt433/AM335X_StarterWare_02_00_01_01//binary/armv7a/gcc/utils/Debug/libutils.a(uartStdio.o)
 .text.UARTGets
                0x00000000       0xdc /home/brian/cmpt433/AM335X_StarterWare_02_00_01_01//binary/armv7a/gcc/utils/Debug/libutils.a(uartStdio.o)
 .text.UARTPutNum
                0x00000000      0x178 /home/brian/cmpt433/AM335X_StarterWare_02_00_01_01//binary/armv7a/gcc/utils/Debug/libutils.a(uartStdio.o)
 .text.UARTPutHexNum
                0x00000000      0x198 /home/brian/cmpt433/AM335X_StarterWare_02_00_01_01//binary/armv7a/gcc/utils/Debug/libutils.a(uartStdio.o)
 .text.UARTGetNum
                0x00000000      0x118 /home/brian/cmpt433/AM335X_StarterWare_02_00_01_01//binary/armv7a/gcc/utils/Debug/libutils.a(uartStdio.o)
 .text.UARTGetHexNum
                0x00000000      0x2ec /home/brian/cmpt433/AM335X_StarterWare_02_00_01_01//binary/armv7a/gcc/utils/Debug/libutils.a(uartStdio.o)
 .text.UARTGetc
                0x00000000       0x20 /home/brian/cmpt433/AM335X_StarterWare_02_00_01_01//binary/armv7a/gcc/utils/Debug/libutils.a(uartStdio.o)
 .text.UARTprintf
                0x00000000      0x6b8 /home/brian/cmpt433/AM335X_StarterWare_02_00_01_01//binary/armv7a/gcc/utils/Debug/libutils.a(uartStdio.o)
 .text.UARTScanf
                0x00000000      0xa68 /home/brian/cmpt433/AM335X_StarterWare_02_00_01_01//binary/armv7a/gcc/utils/Debug/libutils.a(uartStdio.o)
 .text          0x00000000        0x0 /home/brian/cmpt433/AM335X_StarterWare_02_00_01_01//binary/armv7a/gcc/utils/Debug/libutils.a(ascii.o)
 .data          0x00000000        0x0 /home/brian/cmpt433/AM335X_StarterWare_02_00_01_01//binary/armv7a/gcc/utils/Debug/libutils.a(ascii.o)
 .bss           0x00000000        0x0 /home/brian/cmpt433/AM335X_StarterWare_02_00_01_01//binary/armv7a/gcc/utils/Debug/libutils.a(ascii.o)
 .text.ASCIIToDigit
                0x00000000       0xe8 /home/brian/cmpt433/AM335X_StarterWare_02_00_01_01//binary/armv7a/gcc/utils/Debug/libutils.a(ascii.o)
 .text.DigitToASCII
                0x00000000       0xb8 /home/brian/cmpt433/AM335X_StarterWare_02_00_01_01//binary/armv7a/gcc/utils/Debug/libutils.a(ascii.o)
 .text.StrToEthrAddr
                0x00000000      0x184 /home/brian/cmpt433/AM335X_StarterWare_02_00_01_01//binary/armv7a/gcc/utils/Debug/libutils.a(ascii.o)
 .text.EthrAddrToStr
                0x00000000      0x180 /home/brian/cmpt433/AM335X_StarterWare_02_00_01_01//binary/armv7a/gcc/utils/Debug/libutils.a(ascii.o)
 .text.TimeToStr
                0x00000000      0x18c /home/brian/cmpt433/AM335X_StarterWare_02_00_01_01//binary/armv7a/gcc/utils/Debug/libutils.a(ascii.o)
 .text.DateToStr
                0x00000000      0x18c /home/brian/cmpt433/AM335X_StarterWare_02_00_01_01//binary/armv7a/gcc/utils/Debug/libutils.a(ascii.o)
 .debug_info    0x00000000      0x289 /home/brian/cmpt433/AM335X_StarterWare_02_00_01_01//binary/armv7a/gcc/utils/Debug/libutils.a(ascii.o)
 .debug_abbrev  0x00000000       0xce /home/brian/cmpt433/AM335X_StarterWare_02_00_01_01//binary/armv7a/gcc/utils/Debug/libutils.a(ascii.o)
 .debug_loc     0x00000000      0x108 /home/brian/cmpt433/AM335X_StarterWare_02_00_01_01//binary/armv7a/gcc/utils/Debug/libutils.a(ascii.o)
 .debug_aranges
                0x00000000       0x48 /home/brian/cmpt433/AM335X_StarterWare_02_00_01_01//binary/armv7a/gcc/utils/Debug/libutils.a(ascii.o)
 .debug_ranges  0x00000000       0x38 /home/brian/cmpt433/AM335X_StarterWare_02_00_01_01//binary/armv7a/gcc/utils/Debug/libutils.a(ascii.o)
 .debug_line    0x00000000      0x1a6 /home/brian/cmpt433/AM335X_StarterWare_02_00_01_01//binary/armv7a/gcc/utils/Debug/libutils.a(ascii.o)
 .debug_str     0x00000000      0x198 /home/brian/cmpt433/AM335X_StarterWare_02_00_01_01//binary/armv7a/gcc/utils/Debug/libutils.a(ascii.o)
 .comment       0x00000000       0x71 /home/brian/cmpt433/AM335X_StarterWare_02_00_01_01//binary/armv7a/gcc/utils/Debug/libutils.a(ascii.o)
 .ARM.attributes
                0x00000000       0x37 /home/brian/cmpt433/AM335X_StarterWare_02_00_01_01//binary/armv7a/gcc/utils/Debug/libutils.a(ascii.o)
 .debug_frame   0x00000000       0xb0 /home/brian/cmpt433/AM335X_StarterWare_02_00_01_01//binary/armv7a/gcc/utils/Debug/libutils.a(ascii.o)
 .text          0x00000000        0x0 /home/brian/cmpt433/AM335X_StarterWare_02_00_01_01//binary/armv7a/gcc/am335x/beaglebone/platform/Debug/libplatform.a(dmtimer.o)
 .data          0x00000000        0x0 /home/brian/cmpt433/AM335X_StarterWare_02_00_01_01//binary/armv7a/gcc/am335x/beaglebone/platform/Debug/libplatform.a(dmtimer.o)
 .bss           0x00000000        0x0 /home/brian/cmpt433/AM335X_StarterWare_02_00_01_01//binary/armv7a/gcc/am335x/beaglebone/platform/Debug/libplatform.a(dmtimer.o)
 .text.DMTimer3ModuleClkConfig
                0x00000000      0x260 /home/brian/cmpt433/AM335X_StarterWare_02_00_01_01//binary/armv7a/gcc/am335x/beaglebone/platform/Debug/libplatform.a(dmtimer.o)
 .text.DMTimer4ModuleClkConfig
                0x00000000      0x268 /home/brian/cmpt433/AM335X_StarterWare_02_00_01_01//binary/armv7a/gcc/am335x/beaglebone/platform/Debug/libplatform.a(dmtimer.o)
 .text.DMTimer6ModuleClkConfig
                0x00000000       0xc4 /home/brian/cmpt433/AM335X_StarterWare_02_00_01_01//binary/armv7a/gcc/am335x/beaglebone/platform/Debug/libplatform.a(dmtimer.o)
 .text.DMTimer7ModuleClkConfig
                0x00000000      0x260 /home/brian/cmpt433/AM335X_StarterWare_02_00_01_01//binary/armv7a/gcc/am335x/beaglebone/platform/Debug/libplatform.a(dmtimer.o)
 .text.DMTimer1msModuleClkConfig
                0x00000000       0xd8 /home/brian/cmpt433/AM335X_StarterWare_02_00_01_01//binary/armv7a/gcc/am335x/beaglebone/platform/Debug/libplatform.a(dmtimer.o)
 .text          0x00000000        0x0 /home/brian/cmpt433/AM335X_StarterWare_02_00_01_01//binary/armv7a/gcc/am335x/beaglebone/platform/Debug/libplatform.a(uartConsole.o)
 .data          0x00000000        0x0 /home/brian/cmpt433/AM335X_StarterWare_02_00_01_01//binary/armv7a/gcc/am335x/beaglebone/platform/Debug/libplatform.a(uartConsole.o)
 .bss           0x00000000        0x0 /home/brian/cmpt433/AM335X_StarterWare_02_00_01_01//binary/armv7a/gcc/am335x/beaglebone/platform/Debug/libplatform.a(uartConsole.o)
 .text.UARTConsoleGetc
                0x00000000       0x2c /home/brian/cmpt433/AM335X_StarterWare_02_00_01_01//binary/armv7a/gcc/am335x/beaglebone/platform/Debug/libplatform.a(uartConsole.o)
 .text          0x00000000        0x0 /home/brian/cmpt433/AM335X_StarterWare_02_00_01_01//binary/armv7a/gcc/am335x/beaglebone/platform/Debug/libplatform.a(uart.o)
 .data          0x00000000        0x0 /home/brian/cmpt433/AM335X_StarterWare_02_00_01_01//binary/armv7a/gcc/am335x/beaglebone/platform/Debug/libplatform.a(uart.o)
 .bss           0x00000000        0x0 /home/brian/cmpt433/AM335X_StarterWare_02_00_01_01//binary/armv7a/gcc/am335x/beaglebone/platform/Debug/libplatform.a(uart.o)
 .data          0x00000000        0x0 /home/brian/cmpt433/AM335X_StarterWare_02_00_01_01//binary/armv7a/gcc/am335x/system_config/Debug/libsystem_config.a(init.o)
 .bss           0x00000000        0x0 /home/brian/cmpt433/AM335X_StarterWare_02_00_01_01//binary/armv7a/gcc/am335x/system_config/Debug/libsystem_config.a(init.o)
 .text          0x00000000        0x0 /home/brian/cmpt433/AM335X_StarterWare_02_00_01_01//binary/armv7a/gcc/am335x/system_config/Debug/libsystem_config.a(interrupt.o)
 .data          0x00000000        0x0 /home/brian/cmpt433/AM335X_StarterWare_02_00_01_01//binary/armv7a/gcc/am335x/system_config/Debug/libsystem_config.a(interrupt.o)
 .bss           0x00000000        0x0 /home/brian/cmpt433/AM335X_StarterWare_02_00_01_01//binary/armv7a/gcc/am335x/system_config/Debug/libsystem_config.a(interrupt.o)
 .text.IntUnRegister
                0x00000000       0x34 /home/brian/cmpt433/AM335X_StarterWare_02_00_01_01//binary/armv7a/gcc/am335x/system_config/Debug/libsystem_config.a(interrupt.o)
 .text.IntSystemDisable
                0x00000000       0x4c /home/brian/cmpt433/AM335X_StarterWare_02_00_01_01//binary/armv7a/gcc/am335x/system_config/Debug/libsystem_config.a(interrupt.o)
 .text.IntIfClkFreeRunSet
                0x00000000       0x30 /home/brian/cmpt433/AM335X_StarterWare_02_00_01_01//binary/armv7a/gcc/am335x/system_config/Debug/libsystem_config.a(interrupt.o)
 .text.IntIfClkAutoGateSet
                0x00000000       0x30 /home/brian/cmpt433/AM335X_StarterWare_02_00_01_01//binary/armv7a/gcc/am335x/system_config/Debug/libsystem_config.a(interrupt.o)
 .text.IntActiveIrqNumGet
                0x00000000       0x28 /home/brian/cmpt433/AM335X_StarterWare_02_00_01_01//binary/armv7a/gcc/am335x/system_config/Debug/libsystem_config.a(interrupt.o)
 .text.IntSpurIrqFlagGet
                0x00000000       0x28 /home/brian/cmpt433/AM335X_StarterWare_02_00_01_01//binary/armv7a/gcc/am335x/system_config/Debug/libsystem_config.a(interrupt.o)
 .text.IntProtectionEnable
                0x00000000       0x24 /home/brian/cmpt433/AM335X_StarterWare_02_00_01_01//binary/armv7a/gcc/am335x/system_config/Debug/libsystem_config.a(interrupt.o)
 .text.IntProtectionDisable
                0x00000000       0x30 /home/brian/cmpt433/AM335X_StarterWare_02_00_01_01//binary/armv7a/gcc/am335x/system_config/Debug/libsystem_config.a(interrupt.o)
 .text.IntSyncClkFreeRunSet
                0x00000000       0x30 /home/brian/cmpt433/AM335X_StarterWare_02_00_01_01//binary/armv7a/gcc/am335x/system_config/Debug/libsystem_config.a(interrupt.o)
 .text.IntSyncClkAutoGateSet
                0x00000000       0x30 /home/brian/cmpt433/AM335X_StarterWare_02_00_01_01//binary/armv7a/gcc/am335x/system_config/Debug/libsystem_config.a(interrupt.o)
 .text.IntFuncClkFreeRunSet
                0x00000000       0x30 /home/brian/cmpt433/AM335X_StarterWare_02_00_01_01//binary/armv7a/gcc/am335x/system_config/Debug/libsystem_config.a(interrupt.o)
 .text.IntFuncClkAutoGateSet
                0x00000000       0x30 /home/brian/cmpt433/AM335X_StarterWare_02_00_01_01//binary/armv7a/gcc/am335x/system_config/Debug/libsystem_config.a(interrupt.o)
 .text.IntCurrIrqPriorityGet
                0x00000000       0x28 /home/brian/cmpt433/AM335X_StarterWare_02_00_01_01//binary/armv7a/gcc/am335x/system_config/Debug/libsystem_config.a(interrupt.o)
 .text.IntPriorityThresholdGet
                0x00000000       0x28 /home/brian/cmpt433/AM335X_StarterWare_02_00_01_01//binary/armv7a/gcc/am335x/system_config/Debug/libsystem_config.a(interrupt.o)
 .text.IntPriorityThresholdSet
                0x00000000       0x30 /home/brian/cmpt433/AM335X_StarterWare_02_00_01_01//binary/armv7a/gcc/am335x/system_config/Debug/libsystem_config.a(interrupt.o)
 .text.IntRawStatusGet
                0x00000000       0x5c /home/brian/cmpt433/AM335X_StarterWare_02_00_01_01//binary/armv7a/gcc/am335x/system_config/Debug/libsystem_config.a(interrupt.o)
 .text.IntSoftwareIntSet
                0x00000000       0x48 /home/brian/cmpt433/AM335X_StarterWare_02_00_01_01//binary/armv7a/gcc/am335x/system_config/Debug/libsystem_config.a(interrupt.o)
 .text.IntSoftwareIntClear
                0x00000000       0x48 /home/brian/cmpt433/AM335X_StarterWare_02_00_01_01//binary/armv7a/gcc/am335x/system_config/Debug/libsystem_config.a(interrupt.o)
 .text.IntPendingIrqMaskedStatusGet
                0x00000000       0x58 /home/brian/cmpt433/AM335X_StarterWare_02_00_01_01//binary/armv7a/gcc/am335x/system_config/Debug/libsystem_config.a(interrupt.o)
 .text.IntMasterIRQDisable
                0x00000000       0x18 /home/brian/cmpt433/AM335X_StarterWare_02_00_01_01//binary/armv7a/gcc/am335x/system_config/Debug/libsystem_config.a(interrupt.o)
 .text.IntMasterFIQEnable
                0x00000000       0x18 /home/brian/cmpt433/AM335X_StarterWare_02_00_01_01//binary/armv7a/gcc/am335x/system_config/Debug/libsystem_config.a(interrupt.o)
 .text.IntMasterFIQDisable
                0x00000000       0x18 /home/brian/cmpt433/AM335X_StarterWare_02_00_01_01//binary/armv7a/gcc/am335x/system_config/Debug/libsystem_config.a(interrupt.o)
 .text.IntMasterStatusGet
                0x00000000       0x20 /home/brian/cmpt433/AM335X_StarterWare_02_00_01_01//binary/armv7a/gcc/am335x/system_config/Debug/libsystem_config.a(interrupt.o)
 .text.IntDisable
                0x00000000       0x3c /home/brian/cmpt433/AM335X_StarterWare_02_00_01_01//binary/armv7a/gcc/am335x/system_config/Debug/libsystem_config.a(interrupt.o)
 .text.IntEnable
                0x00000000       0x38 /home/brian/cmpt433/AM335X_StarterWare_02_00_01_01//binary/armv7a/gcc/am335x/system_config/Debug/libsystem_config.a(interrupt.o)
 .text          0x00000000        0x0 /home/brian/cmpt433/AM335X_StarterWare_02_00_01_01//binary/armv7a/gcc/am335x/system_config/Debug/libsystem_config.a(startup.o)
 .data          0x00000000        0x0 /home/brian/cmpt433/AM335X_StarterWare_02_00_01_01//binary/armv7a/gcc/am335x/system_config/Debug/libsystem_config.a(startup.o)
 .bss           0x00000000        0x0 /home/brian/cmpt433/AM335X_StarterWare_02_00_01_01//binary/armv7a/gcc/am335x/system_config/Debug/libsystem_config.a(startup.o)
 .data          0x00000000        0x0 /home/brian/cmpt433/AM335X_StarterWare_02_00_01_01//binary/armv7a/gcc/am335x/system_config/Debug/libsystem_config.a(cp15.o)
 .bss           0x00000000        0x0 /home/brian/cmpt433/AM335X_StarterWare_02_00_01_01//binary/armv7a/gcc/am335x/system_config/Debug/libsystem_config.a(cp15.o)
 .text          0x00000000        0x0 /home/brian/cmpt433/AM335X_StarterWare_02_00_01_01//binary/armv7a/gcc/am335x/system_config/Debug/libsystem_config.a(cpu.o)
 .data          0x00000000        0x0 /home/brian/cmpt433/AM335X_StarterWare_02_00_01_01//binary/armv7a/gcc/am335x/system_config/Debug/libsystem_config.a(cpu.o)
 .bss           0x00000000        0x0 /home/brian/cmpt433/AM335X_StarterWare_02_00_01_01//binary/armv7a/gcc/am335x/system_config/Debug/libsystem_config.a(cpu.o)
 .text.CPUSwitchToPrivilegedMode
                0x00000000       0x18 /home/brian/cmpt433/AM335X_StarterWare_02_00_01_01//binary/armv7a/gcc/am335x/system_config/Debug/libsystem_config.a(cpu.o)
 .text.CPUSwitchToUserMode
                0x00000000       0x24 /home/brian/cmpt433/AM335X_StarterWare_02_00_01_01//binary/armv7a/gcc/am335x/system_config/Debug/libsystem_config.a(cpu.o)
 .text.CPUAbortHandler
                0x00000000       0x14 /home/brian/cmpt433/AM335X_StarterWare_02_00_01_01//binary/armv7a/gcc/am335x/system_config/Debug/libsystem_config.a(cpu.o)
 .text.CPUIntStatus
                0x00000000       0x2c /home/brian/cmpt433/AM335X_StarterWare_02_00_01_01//binary/armv7a/gcc/am335x/system_config/Debug/libsystem_config.a(cpu.o)
 .text.CPUirqd  0x00000000       0x24 /home/brian/cmpt433/AM335X_StarterWare_02_00_01_01//binary/armv7a/gcc/am335x/system_config/Debug/libsystem_config.a(cpu.o)
 .text.CPUfiqd  0x00000000       0x24 /home/brian/cmpt433/AM335X_StarterWare_02_00_01_01//binary/armv7a/gcc/am335x/system_config/Debug/libsystem_config.a(cpu.o)
 .text.CPUfiqe  0x00000000       0x24 /home/brian/cmpt433/AM335X_StarterWare_02_00_01_01//binary/armv7a/gcc/am335x/system_config/Debug/libsystem_config.a(cpu.o)
 .data          0x00000000        0x0 /home/brian/cmpt433/AM335X_StarterWare_02_00_01_01//binary/armv7a/gcc/am335x/system_config/Debug/libsystem_config.a(exceptionhandler.o)
 .bss           0x00000000        0x0 /home/brian/cmpt433/AM335X_StarterWare_02_00_01_01//binary/armv7a/gcc/am335x/system_config/Debug/libsystem_config.a(exceptionhandler.o)
 .data          0x00000000        0x0 /home/brian/cmpt433/linaro-gcc/gcc-arm-none-eabi-4_7-2012q4/lib/gcc/arm-none-eabi/4.7.3//libgcc.a(_udivsi3.o)
 .bss           0x00000000        0x0 /home/brian/cmpt433/linaro-gcc/gcc-arm-none-eabi-4_7-2012q4/lib/gcc/arm-none-eabi/4.7.3//libgcc.a(_udivsi3.o)
 .data          0x00000000        0x0 /home/brian/cmpt433/linaro-gcc/gcc-arm-none-eabi-4_7-2012q4/lib/gcc/arm-none-eabi/4.7.3//libgcc.a(_divsi3.o)
 .bss           0x00000000        0x0 /home/brian/cmpt433/linaro-gcc/gcc-arm-none-eabi-4_7-2012q4/lib/gcc/arm-none-eabi/4.7.3//libgcc.a(_divsi3.o)
 .data          0x00000000        0x0 /home/brian/cmpt433/linaro-gcc/gcc-arm-none-eabi-4_7-2012q4/lib/gcc/arm-none-eabi/4.7.3//libgcc.a(_dvmd_tls.o)
 .bss           0x00000000        0x0 /home/brian/cmpt433/linaro-gcc/gcc-arm-none-eabi-4_7-2012q4/lib/gcc/arm-none-eabi/4.7.3//libgcc.a(_dvmd_tls.o)
 .text          0x00000000        0x0 /home/brian/cmpt433/AM335X_StarterWare_02_00_01_01//binary/armv7a/gcc/am335x/drivers/Debug/libdrivers.a(uart_irda_cir.o)
 .data          0x00000000        0x0 /home/brian/cmpt433/AM335X_StarterWare_02_00_01_01//binary/armv7a/gcc/am335x/drivers/Debug/libdrivers.a(uart_irda_cir.o)
 .bss           0x00000000        0x0 /home/brian/cmpt433/AM335X_StarterWare_02_00_01_01//binary/armv7a/gcc/am335x/drivers/Debug/libdrivers.a(uart_irda_cir.o)
 .text.UARTDivisorLatchEnable
                0x00000000       0x38 /home/brian/cmpt433/AM335X_StarterWare_02_00_01_01//binary/armv7a/gcc/am335x/drivers/Debug/libdrivers.a(uart_irda_cir.o)
 .text.UARTRegConfModeRestore
                0x00000000       0x30 /home/brian/cmpt433/AM335X_StarterWare_02_00_01_01//binary/armv7a/gcc/am335x/drivers/Debug/libdrivers.a(uart_irda_cir.o)
 .text.UARTParityModeSet
                0x00000000       0x60 /home/brian/cmpt433/AM335X_StarterWare_02_00_01_01//binary/armv7a/gcc/am335x/drivers/Debug/libdrivers.a(uart_irda_cir.o)
 .text.UARTParityModeGet
                0x00000000       0x30 /home/brian/cmpt433/AM335X_StarterWare_02_00_01_01//binary/armv7a/gcc/am335x/drivers/Debug/libdrivers.a(uart_irda_cir.o)
 .text.UARTDMAEnable
                0x00000000       0x80 /home/brian/cmpt433/AM335X_StarterWare_02_00_01_01//binary/armv7a/gcc/am335x/drivers/Debug/libdrivers.a(uart_irda_cir.o)
 .text.UARTDMADisable
                0x00000000       0x54 /home/brian/cmpt433/AM335X_StarterWare_02_00_01_01//binary/armv7a/gcc/am335x/drivers/Debug/libdrivers.a(uart_irda_cir.o)
 .text.UARTSubConfigMSRSPRModeEn
                0x00000000      0x124 /home/brian/cmpt433/AM335X_StarterWare_02_00_01_01//binary/armv7a/gcc/am335x/drivers/Debug/libdrivers.a(uart_irda_cir.o)
 .text.UARTSubConfigXOFFModeEn
                0x00000000      0x124 /home/brian/cmpt433/AM335X_StarterWare_02_00_01_01//binary/armv7a/gcc/am335x/drivers/Debug/libdrivers.a(uart_irda_cir.o)
 .text.UARTIntEnable
                0x00000000      0x130 /home/brian/cmpt433/AM335X_StarterWare_02_00_01_01//binary/armv7a/gcc/am335x/drivers/Debug/libdrivers.a(uart_irda_cir.o)
 .text.UARTIntDisable
                0x00000000      0x110 /home/brian/cmpt433/AM335X_StarterWare_02_00_01_01//binary/armv7a/gcc/am335x/drivers/Debug/libdrivers.a(uart_irda_cir.o)
 .text.UARTSpaceAvail
                0x00000000       0x78 /home/brian/cmpt433/AM335X_StarterWare_02_00_01_01//binary/armv7a/gcc/am335x/drivers/Debug/libdrivers.a(uart_irda_cir.o)
 .text.UARTCharsAvail
                0x00000000       0x78 /home/brian/cmpt433/AM335X_StarterWare_02_00_01_01//binary/armv7a/gcc/am335x/drivers/Debug/libdrivers.a(uart_irda_cir.o)
 .text.UARTCharPutNonBlocking
                0x00000000       0x8c /home/brian/cmpt433/AM335X_StarterWare_02_00_01_01//binary/armv7a/gcc/am335x/drivers/Debug/libdrivers.a(uart_irda_cir.o)
 .text.UARTCharGetNonBlocking
                0x00000000       0x80 /home/brian/cmpt433/AM335X_StarterWare_02_00_01_01//binary/armv7a/gcc/am335x/drivers/Debug/libdrivers.a(uart_irda_cir.o)
 .text.UARTCharGet
                0x00000000       0x84 /home/brian/cmpt433/AM335X_StarterWare_02_00_01_01//binary/armv7a/gcc/am335x/drivers/Debug/libdrivers.a(uart_irda_cir.o)
 .text.UARTCharGetTimeout
                0x00000000       0xac /home/brian/cmpt433/AM335X_StarterWare_02_00_01_01//binary/armv7a/gcc/am335x/drivers/Debug/libdrivers.a(uart_irda_cir.o)
 .text.UARTFIFOCharPut
                0x00000000       0x30 /home/brian/cmpt433/AM335X_StarterWare_02_00_01_01//binary/armv7a/gcc/am335x/drivers/Debug/libdrivers.a(uart_irda_cir.o)
 .text.UARTFIFOCharGet
                0x00000000       0x30 /home/brian/cmpt433/AM335X_StarterWare_02_00_01_01//binary/armv7a/gcc/am335x/drivers/Debug/libdrivers.a(uart_irda_cir.o)
 .text.UARTFIFOWrite
                0x00000000       0x78 /home/brian/cmpt433/AM335X_StarterWare_02_00_01_01//binary/armv7a/gcc/am335x/drivers/Debug/libdrivers.a(uart_irda_cir.o)
 .text.UARTRxErrorGet
                0x00000000       0x6c /home/brian/cmpt433/AM335X_StarterWare_02_00_01_01//binary/armv7a/gcc/am335x/drivers/Debug/libdrivers.a(uart_irda_cir.o)
 .text.UARTIntIdentityGet
                0x00000000       0x6c /home/brian/cmpt433/AM335X_StarterWare_02_00_01_01//binary/armv7a/gcc/am335x/drivers/Debug/libdrivers.a(uart_irda_cir.o)
 .text.UARTIntPendingStatusGet
                0x00000000       0x78 /home/brian/cmpt433/AM335X_StarterWare_02_00_01_01//binary/armv7a/gcc/am335x/drivers/Debug/libdrivers.a(uart_irda_cir.o)
 .text.UARTFIFOEnableStatusGet
                0x00000000       0x78 /home/brian/cmpt433/AM335X_StarterWare_02_00_01_01//binary/armv7a/gcc/am335x/drivers/Debug/libdrivers.a(uart_irda_cir.o)
 .text.UARTAutoRTSAutoCTSControl
                0x00000000       0xb4 /home/brian/cmpt433/AM335X_StarterWare_02_00_01_01//binary/armv7a/gcc/am335x/drivers/Debug/libdrivers.a(uart_irda_cir.o)
 .text.UARTSpecialCharDetectControl
                0x00000000       0x8c /home/brian/cmpt433/AM335X_StarterWare_02_00_01_01//binary/armv7a/gcc/am335x/drivers/Debug/libdrivers.a(uart_irda_cir.o)
 .text.UARTSoftwareFlowCtrlOptSet
                0x00000000       0x8c /home/brian/cmpt433/AM335X_StarterWare_02_00_01_01//binary/armv7a/gcc/am335x/drivers/Debug/libdrivers.a(uart_irda_cir.o)
 .text.UARTPulseShapingControl
                0x00000000       0x60 /home/brian/cmpt433/AM335X_StarterWare_02_00_01_01//binary/armv7a/gcc/am335x/drivers/Debug/libdrivers.a(uart_irda_cir.o)
 .text.UARTIdleModeConfigure
                0x00000000       0x60 /home/brian/cmpt433/AM335X_StarterWare_02_00_01_01//binary/armv7a/gcc/am335x/drivers/Debug/libdrivers.a(uart_irda_cir.o)
 .text.UARTWakeUpControl
                0x00000000       0x60 /home/brian/cmpt433/AM335X_StarterWare_02_00_01_01//binary/armv7a/gcc/am335x/drivers/Debug/libdrivers.a(uart_irda_cir.o)
 .text.UARTAutoIdleModeControl
                0x00000000       0x60 /home/brian/cmpt433/AM335X_StarterWare_02_00_01_01//binary/armv7a/gcc/am335x/drivers/Debug/libdrivers.a(uart_irda_cir.o)
 .text.UARTFlowCtrlTrigLvlConfig
                0x00000000       0x60 /home/brian/cmpt433/AM335X_StarterWare_02_00_01_01//binary/armv7a/gcc/am335x/drivers/Debug/libdrivers.a(uart_irda_cir.o)
 .text.UARTXON1XOFF1ValProgram
                0x00000000       0x4c /home/brian/cmpt433/AM335X_StarterWare_02_00_01_01//binary/armv7a/gcc/am335x/drivers/Debug/libdrivers.a(uart_irda_cir.o)
 .text.UARTXON2XOFF2ValProgram
                0x00000000       0x4c /home/brian/cmpt433/AM335X_StarterWare_02_00_01_01//binary/armv7a/gcc/am335x/drivers/Debug/libdrivers.a(uart_irda_cir.o)
 .text.UARTXONAnyFeatureControl
                0x00000000      0x100 /home/brian/cmpt433/AM335X_StarterWare_02_00_01_01//binary/armv7a/gcc/am335x/drivers/Debug/libdrivers.a(uart_irda_cir.o)
 .text.UARTLoopbackModeControl
                0x00000000       0x60 /home/brian/cmpt433/AM335X_StarterWare_02_00_01_01//binary/armv7a/gcc/am335x/drivers/Debug/libdrivers.a(uart_irda_cir.o)
 .text.UARTModemControlSet
                0x00000000       0x44 /home/brian/cmpt433/AM335X_StarterWare_02_00_01_01//binary/armv7a/gcc/am335x/drivers/Debug/libdrivers.a(uart_irda_cir.o)
 .text.UARTModemControlClear
                0x00000000       0x48 /home/brian/cmpt433/AM335X_StarterWare_02_00_01_01//binary/armv7a/gcc/am335x/drivers/Debug/libdrivers.a(uart_irda_cir.o)
 .text.UARTModemStatusGet
                0x00000000       0x30 /home/brian/cmpt433/AM335X_StarterWare_02_00_01_01//binary/armv7a/gcc/am335x/drivers/Debug/libdrivers.a(uart_irda_cir.o)
 .text.UARTModemStatusChangeCheck
                0x00000000       0x30 /home/brian/cmpt433/AM335X_StarterWare_02_00_01_01//binary/armv7a/gcc/am335x/drivers/Debug/libdrivers.a(uart_irda_cir.o)
 .text.UARTResumeOperation
                0x00000000       0x28 /home/brian/cmpt433/AM335X_StarterWare_02_00_01_01//binary/armv7a/gcc/am335x/drivers/Debug/libdrivers.a(uart_irda_cir.o)
 .text.UARTWakeUpEventsEnable
                0x00000000       0x44 /home/brian/cmpt433/AM335X_StarterWare_02_00_01_01//binary/armv7a/gcc/am335x/drivers/Debug/libdrivers.a(uart_irda_cir.o)
 .text.UARTWakeUpEventsDisable
                0x00000000       0x48 /home/brian/cmpt433/AM335X_StarterWare_02_00_01_01//binary/armv7a/gcc/am335x/drivers/Debug/libdrivers.a(uart_irda_cir.o)
 .text.UARTFIFOTrigLvlGranControl
                0x00000000       0x88 /home/brian/cmpt433/AM335X_StarterWare_02_00_01_01//binary/armv7a/gcc/am335x/drivers/Debug/libdrivers.a(uart_irda_cir.o)
 .text.UARTDSRInterruptControl
                0x00000000       0x60 /home/brian/cmpt433/AM335X_StarterWare_02_00_01_01//binary/armv7a/gcc/am335x/drivers/Debug/libdrivers.a(uart_irda_cir.o)
 .text.UARTTxEmptyIntControl
                0x00000000       0x60 /home/brian/cmpt433/AM335X_StarterWare_02_00_01_01//binary/armv7a/gcc/am335x/drivers/Debug/libdrivers.a(uart_irda_cir.o)
 .text.UARTRXCTSDSRWakeUpConfigure
                0x00000000       0x60 /home/brian/cmpt433/AM335X_StarterWare_02_00_01_01//binary/armv7a/gcc/am335x/drivers/Debug/libdrivers.a(uart_irda_cir.o)
 .text.UARTRXCTSDSRTransitionStatusGet
                0x00000000       0x30 /home/brian/cmpt433/AM335X_StarterWare_02_00_01_01//binary/armv7a/gcc/am335x/drivers/Debug/libdrivers.a(uart_irda_cir.o)
 .text.UARTDMACounterResetControl
                0x00000000       0x60 /home/brian/cmpt433/AM335X_StarterWare_02_00_01_01//binary/armv7a/gcc/am335x/drivers/Debug/libdrivers.a(uart_irda_cir.o)
 .text.UARTTxFIFOFullStatusGet
                0x00000000       0x30 /home/brian/cmpt433/AM335X_StarterWare_02_00_01_01//binary/armv7a/gcc/am335x/drivers/Debug/libdrivers.a(uart_irda_cir.o)
 .text.UARTTxFIFOLevelGet
                0x00000000       0x2c /home/brian/cmpt433/AM335X_StarterWare_02_00_01_01//binary/armv7a/gcc/am335x/drivers/Debug/libdrivers.a(uart_irda_cir.o)
 .text.UARTRxFIFOLevelGet
                0x00000000       0x2c /home/brian/cmpt433/AM335X_StarterWare_02_00_01_01//binary/armv7a/gcc/am335x/drivers/Debug/libdrivers.a(uart_irda_cir.o)
 .text.UARTAutobaudParityGet
                0x00000000       0x6c /home/brian/cmpt433/AM335X_StarterWare_02_00_01_01//binary/armv7a/gcc/am335x/drivers/Debug/libdrivers.a(uart_irda_cir.o)
 .text.UARTAutobaudWordLenGet
                0x00000000       0x6c /home/brian/cmpt433/AM335X_StarterWare_02_00_01_01//binary/armv7a/gcc/am335x/drivers/Debug/libdrivers.a(uart_irda_cir.o)
 .text.UARTAutobaudSpeedGet
                0x00000000       0x6c /home/brian/cmpt433/AM335X_StarterWare_02_00_01_01//binary/armv7a/gcc/am335x/drivers/Debug/libdrivers.a(uart_irda_cir.o)
 .text.UARTScratchPadRegWrite
                0x00000000       0x60 /home/brian/cmpt433/AM335X_StarterWare_02_00_01_01//binary/armv7a/gcc/am335x/drivers/Debug/libdrivers.a(uart_irda_cir.o)
 .text.UARTScratchPadRegRead
                0x00000000       0x30 /home/brian/cmpt433/AM335X_StarterWare_02_00_01_01//binary/armv7a/gcc/am335x/drivers/Debug/libdrivers.a(uart_irda_cir.o)
 .text.UARTModuleVersionNumberGet
                0x00000000       0x30 /home/brian/cmpt433/AM335X_StarterWare_02_00_01_01//binary/armv7a/gcc/am335x/drivers/Debug/libdrivers.a(uart_irda_cir.o)
 .text.UARTTxDMAThresholdControl
                0x00000000       0x60 /home/brian/cmpt433/AM335X_StarterWare_02_00_01_01//binary/armv7a/gcc/am335x/drivers/Debug/libdrivers.a(uart_irda_cir.o)
 .text.UARTTxDMAThresholdValConfig
                0x00000000       0x60 /home/brian/cmpt433/AM335X_StarterWare_02_00_01_01//binary/armv7a/gcc/am335x/drivers/Debug/libdrivers.a(uart_irda_cir.o)

Memory Configuration

Name             Origin             Length             Attributes
DDR0             0x80000000         0x10000000
*default*        0x00000000         0xffffffff

Linker script and memory map

LOAD Debug/bm_timer.o
LOAD /home/brian/cmpt433/AM335X_StarterWare_02_00_01_01//binary/armv7a/gcc/am335x/drivers/Debug/libdrivers.a
LOAD /home/brian/cmpt433/AM335X_StarterWare_02_00_01_01//binary/armv7a/gcc/utils/Debug/libutils.a
LOAD /home/brian/cmpt433/AM335X_StarterWare_02_00_01_01//binary/armv7a/gcc/am335x/beaglebone/platform/Debug/libplatform.a
LOAD /home/brian/cmpt433/AM335X_StarterWare_02_00_01_01//binary/armv7a/gcc/am335x/system_config/Debug/libsystem_config.a
LOAD /home/brian/cmpt433/linaro-gcc/gcc-arm-none-eabi-4_7-2012q4/arm-none-eabi/lib//libc.a
LOAD /home/brian/cmpt433/linaro-gcc/gcc-arm-none-eabi-4_7-2012q4/lib/gcc/arm-none-eabi/4.7.3//libgcc.a
LOAD /home/brian/cmpt433/AM335X_StarterWare_02_00_01_01//binary/armv7a/gcc/am335x/drivers/Debug/libdrivers.a
LOAD /home/brian/cmpt433/AM335X_StarterWare_02_00_01_01//binary/armv7a/gcc/utils/Debug/libutils.a
LOAD /home/brian/cmpt433/AM335X_StarterWare_02_00_01_01//binary/armv7a/gcc/am335x/beaglebone/platform/Debug/libplatform.a
LOAD /home/brian/cmpt433/AM335X_StarterWare_02_00_01_01//binary/armv7a/gcc/am335x/system_config/Debug/libsystem_config.a
LOAD /home/brian/cmpt433/linaro-gcc/gcc-arm-none-eabi-4_7-2012q4/arm-none-eabi/lib//libc.a
LOAD /home/brian/cmpt433/linaro-gcc/gcc-arm-none-eabi-4_7-2012q4/lib/gcc/arm-none-eabi/4.7.3//libgcc.a

.startcode      0x80000000       0xbc
                0x80000000                . = ALIGN (0x4)
 *init.o(.text)
 .text          0x80000000       0xbc /home/brian/cmpt433/AM335X_StarterWare_02_00_01_01//binary/armv7a/gcc/am335x/system_config/Debug/libsystem_config.a(init.o)
                0x80000000                Entry

.text           0x800000bc     0x31f0
                0x800000bc                . = ALIGN (0x4)
 *(.text*)
 .text.DMTimerIsr
                0x800000bc       0x80 Debug/bm_timer.o
 .text.main     0x8000013c       0xbc Debug/bm_timer.o
                0x8000013c                main
 .text.uartInit
                0x800001f8       0x28 Debug/bm_timer.o
 .text.timerInit
                0x80000220       0x7c Debug/bm_timer.o
 .text.DMTimerAintcConfigure
                0x8000029c       0x58 Debug/bm_timer.o
 .text.DMTimerSetUp
                0x800002f4       0x5c Debug/bm_timer.o
 .text.DMTimerEnable
                0x80000350       0x6c /home/brian/cmpt433/AM335X_StarterWare_02_00_01_01//binary/armv7a/gcc/am335x/drivers/Debug/libdrivers.a(dmtimer.o)
                0x80000350                DMTimerEnable
 .text.DMTimerModeConfigure
                0x800003bc       0xcc /home/brian/cmpt433/AM335X_StarterWare_02_00_01_01//binary/armv7a/gcc/am335x/drivers/Debug/libdrivers.a(dmtimer.o)
                0x800003bc                DMTimerModeConfigure
 .text.DMTimerPreScalerClkDisable
                0x80000488       0x6c /home/brian/cmpt433/AM335X_StarterWare_02_00_01_01//binary/armv7a/gcc/am335x/drivers/Debug/libdrivers.a(dmtimer.o)
                0x80000488                DMTimerPreScalerClkDisable
 .text.DMTimerCounterSet
                0x800004f4       0x64 /home/brian/cmpt433/AM335X_StarterWare_02_00_01_01//binary/armv7a/gcc/am335x/drivers/Debug/libdrivers.a(dmtimer.o)
                0x800004f4                DMTimerCounterSet
 .text.DMTimerReloadSet
                0x80000558       0x64 /home/brian/cmpt433/AM335X_StarterWare_02_00_01_01//binary/armv7a/gcc/am335x/drivers/Debug/libdrivers.a(dmtimer.o)
                0x80000558                DMTimerReloadSet
 .text.DMTimerIntStatusClear
                0x800005bc       0x34 /home/brian/cmpt433/AM335X_StarterWare_02_00_01_01//binary/armv7a/gcc/am335x/drivers/Debug/libdrivers.a(dmtimer.o)
                0x800005bc                DMTimerIntStatusClear
 .text.DMTimerIntEnable
                0x800005f0       0x34 /home/brian/cmpt433/AM335X_StarterWare_02_00_01_01//binary/armv7a/gcc/am335x/drivers/Debug/libdrivers.a(dmtimer.o)
                0x800005f0                DMTimerIntEnable
 .text.DMTimerIntDisable
                0x80000624       0x34 /home/brian/cmpt433/AM335X_StarterWare_02_00_01_01//binary/armv7a/gcc/am335x/drivers/Debug/libdrivers.a(dmtimer.o)
                0x80000624                DMTimerIntDisable
 .text.DMTimerWritePostedStatusGet
                0x80000658       0x2c /home/brian/cmpt433/AM335X_StarterWare_02_00_01_01//binary/armv7a/gcc/am335x/drivers/Debug/libdrivers.a(dmtimer.o)
                0x80000658                DMTimerWritePostedStatusGet
 .text.WatchdogTimerTriggerSet
                0x80000684       0x50 /home/brian/cmpt433/AM335X_StarterWare_02_00_01_01//binary/armv7a/gcc/am335x/drivers/Debug/libdrivers.a(watchdog.o)
                0x80000684                WatchdogTimerTriggerSet
 .text.WatchdogTimerWritePostedStatusGet
                0x800006d4       0x38 /home/brian/cmpt433/AM335X_StarterWare_02_00_01_01//binary/armv7a/gcc/am335x/drivers/Debug/libdrivers.a(watchdog.o)
                0x800006d4                WatchdogTimerWritePostedStatusGet
 .text.ConsoleUtilsInit
                0x8000070c       0x18 /home/brian/cmpt433/AM335X_StarterWare_02_00_01_01//binary/armv7a/gcc/utils/Debug/libutils.a(consoleUtils.o)
                0x8000070c                ConsoleUtilsInit
 .text.ConsoleUtilsSetType
                0x80000724       0x54 /home/brian/cmpt433/AM335X_StarterWare_02_00_01_01//binary/armv7a/gcc/utils/Debug/libutils.a(consoleUtils.o)
                0x80000724                ConsoleUtilsSetType
 .text.ConsoleUtilsPrintf
                0x80000778       0x6c /home/brian/cmpt433/AM335X_StarterWare_02_00_01_01//binary/armv7a/gcc/utils/Debug/libutils.a(consoleUtils.o)
                0x80000778                ConsoleUtilsPrintf
 .text.UARTStdioInit
                0x800007e4       0x18 /home/brian/cmpt433/AM335X_StarterWare_02_00_01_01//binary/armv7a/gcc/utils/Debug/libutils.a(uartStdio.o)
                0x800007e4                UARTStdioInit
 .text.UARTPuts
                0x800007fc       0xec /home/brian/cmpt433/AM335X_StarterWare_02_00_01_01//binary/armv7a/gcc/utils/Debug/libutils.a(uartStdio.o)
                0x800007fc                UARTPuts
 .text.UARTPutc
                0x800008e8       0x30 /home/brian/cmpt433/AM335X_StarterWare_02_00_01_01//binary/armv7a/gcc/utils/Debug/libutils.a(uartStdio.o)
                0x800008e8                UARTPutc
 .text.UARTwrite
                0x80000918       0x94 /home/brian/cmpt433/AM335X_StarterWare_02_00_01_01//binary/armv7a/gcc/utils/Debug/libutils.a(uartStdio.o)
                0x80000918                UARTwrite
 .text.UARTPrintf
                0x800009ac      0x6ac /home/brian/cmpt433/AM335X_StarterWare_02_00_01_01//binary/armv7a/gcc/utils/Debug/libutils.a(uartStdio.o)
                0x800009ac                UARTPrintf
 .text.DMTimer2ModuleClkConfig
                0x80001058      0x260 /home/brian/cmpt433/AM335X_StarterWare_02_00_01_01//binary/armv7a/gcc/am335x/beaglebone/platform/Debug/libplatform.a(dmtimer.o)
                0x80001058                DMTimer2ModuleClkConfig
 .text.UARTStdioInitExpClk
                0x800012b8       0xd0 /home/brian/cmpt433/AM335X_StarterWare_02_00_01_01//binary/armv7a/gcc/am335x/beaglebone/platform/Debug/libplatform.a(uartConsole.o)
 .text.UartFIFOConfigure
                0x80001388       0x64 /home/brian/cmpt433/AM335X_StarterWare_02_00_01_01//binary/armv7a/gcc/am335x/beaglebone/platform/Debug/libplatform.a(uartConsole.o)
 .text.UartBaudRateSet
                0x800013ec       0x5c /home/brian/cmpt433/AM335X_StarterWare_02_00_01_01//binary/armv7a/gcc/am335x/beaglebone/platform/Debug/libplatform.a(uartConsole.o)
 .text.UARTConsoleInit
                0x80001448       0x44 /home/brian/cmpt433/AM335X_StarterWare_02_00_01_01//binary/armv7a/gcc/am335x/beaglebone/platform/Debug/libplatform.a(uartConsole.o)
                0x80001448                UARTConsoleInit
 .text.UARTConsolePutc
                0x8000148c       0x38 /home/brian/cmpt433/AM335X_StarterWare_02_00_01_01//binary/armv7a/gcc/am335x/beaglebone/platform/Debug/libplatform.a(uartConsole.o)
                0x8000148c                UARTConsolePutc
 .text.UARTPinMuxSetup
                0x800014c4       0x48 /home/brian/cmpt433/AM335X_StarterWare_02_00_01_01//binary/armv7a/gcc/am335x/beaglebone/platform/Debug/libplatform.a(uart.o)
                0x800014c4                UARTPinMuxSetup
 .text.UART0ModuleClkConfig
                0x8000150c      0x35c /home/brian/cmpt433/AM335X_StarterWare_02_00_01_01//binary/armv7a/gcc/am335x/beaglebone/platform/Debug/libplatform.a(uart.o)
                0x8000150c                UART0ModuleClkConfig
 .text.IntDefaultHandler
                0x80001868       0x14 /home/brian/cmpt433/AM335X_StarterWare_02_00_01_01//binary/armv7a/gcc/am335x/system_config/Debug/libsystem_config.a(interrupt.o)
 .text.IntRegister
                0x8000187c       0x34 /home/brian/cmpt433/AM335X_StarterWare_02_00_01_01//binary/armv7a/gcc/am335x/system_config/Debug/libsystem_config.a(interrupt.o)
                0x8000187c                IntRegister
 .text.IntAINTCInit
                0x800018b0       0x90 /home/brian/cmpt433/AM335X_StarterWare_02_00_01_01//binary/armv7a/gcc/am335x/system_config/Debug/libsystem_config.a(interrupt.o)
                0x800018b0                IntAINTCInit
 .text.IntPrioritySet
                0x80001940       0x50 /home/brian/cmpt433/AM335X_StarterWare_02_00_01_01//binary/armv7a/gcc/am335x/system_config/Debug/libsystem_config.a(interrupt.o)
                0x80001940                IntPrioritySet
 .text.IntSystemEnable
                0x80001990       0x4c /home/brian/cmpt433/AM335X_StarterWare_02_00_01_01//binary/armv7a/gcc/am335x/system_config/Debug/libsystem_config.a(interrupt.o)
                0x80001990                IntSystemEnable
 .text.IntMasterIRQEnable
                0x800019dc       0x18 /home/brian/cmpt433/AM335X_StarterWare_02_00_01_01//binary/armv7a/gcc/am335x/system_config/Debug/libsystem_config.a(interrupt.o)
                0x800019dc                IntMasterIRQEnable
 .text.start_boot
                0x800019f4       0x24 /home/brian/cmpt433/AM335X_StarterWare_02_00_01_01//binary/armv7a/gcc/am335x/system_config/Debug/libsystem_config.a(startup.o)
                0x800019f4                start_boot
 .text.CopyVectorTable
                0x80001a18       0x98 /home/brian/cmpt433/AM335X_StarterWare_02_00_01_01//binary/armv7a/gcc/am335x/system_config/Debug/libsystem_config.a(startup.o)
 .text          0x80001ab0      0x488 /home/brian/cmpt433/AM335X_StarterWare_02_00_01_01//binary/armv7a/gcc/am335x/system_config/Debug/libsystem_config.a(cp15.o)
                0x80001ab0                CP15ICacheDisable
                0x80001acc                CP15DCacheDisable
                0x80001ae8                CP15ICacheEnable
                0x80001af8                CP15DCacheEnable
                0x80001b08                CP15DCacheFlush
                0x80001b9c                CP15DCacheClean
                0x80001c30                CP15DCacheCleanFlush
                0x80001cc4                CP15ICacheFlush
                0x80001cd4                CP15DCacheCleanBuff
                0x80001d28                CP15DCacheCleanFlushBuff
                0x80001d7c                CP15DCacheFlushBuff
                0x80001de0                CP15ICacheFlushBuff
                0x80001e34                CP15Ttb0Set
                0x80001e40                CP15TlbInvalidate
                0x80001e4c                CP15MMUDisable
                0x80001e64                CP15MMUEnable
                0x80001e78                CP15VectorBaseAddrSet
                0x80001e84                CP15BranchPredictorInvalidate
                0x80001e90                CP15BranchPredictionEnable
                0x80001ea0                CP15BranchPredictionDisable
                0x80001eb0                CP15DomainAccessClientSet
                0x80001ec0                CP15ControlFeatureDisable
                0x80001ed4                CP15ControlFeatureEnable
                0x80001ee8                CP15TtbCtlTtb0Config
                0x80001ef8                CP15AuxControlFeatureEnable
                0x80001f0c                CP15AuxControlFeatureDisable
                0x80001f20                CP15MainIdPrimPartNumGet
 .text.CPUirqe  0x80001f38       0x24 /home/brian/cmpt433/AM335X_StarterWare_02_00_01_01//binary/armv7a/gcc/am335x/system_config/Debug/libsystem_config.a(cpu.o)
                0x80001f38                CPUirqe
 .text          0x80001f5c       0xf0 /home/brian/cmpt433/AM335X_StarterWare_02_00_01_01//binary/armv7a/gcc/am335x/system_config/Debug/libsystem_config.a(exceptionhandler.o)
                0x80001f5c                SVC_Handler
                0x80001f84                IRQHandler
                0x80002030                FIQHandler
                0x80002034                UndefInstHandler
                0x80002034                AbortHandler
 .text          0x8000204c      0x114 /home/brian/cmpt433/linaro-gcc/gcc-arm-none-eabi-4_7-2012q4/lib/gcc/arm-none-eabi/4.7.3//libgcc.a(_udivsi3.o)
                0x8000204c                __udivsi3
                0x8000204c                __aeabi_uidiv
                0x80002140                __aeabi_uidivmod
 .text          0x80002160      0x148 /home/brian/cmpt433/linaro-gcc/gcc-arm-none-eabi-4_7-2012q4/lib/gcc/arm-none-eabi/4.7.3//libgcc.a(_divsi3.o)
                0x80002160                __aeabi_idiv
                0x80002160                __divsi3
                0x80002288                __aeabi_idivmod
 .text          0x800022a8        0x4 /home/brian/cmpt433/linaro-gcc/gcc-arm-none-eabi-4_7-2012q4/lib/gcc/arm-none-eabi/4.7.3//libgcc.a(_dvmd_tls.o)
                0x800022a8                __aeabi_ldiv0
                0x800022a8                __aeabi_idiv0
 .text.UARTOperatingModeSelect
                0x800022ac       0x84 /home/brian/cmpt433/AM335X_StarterWare_02_00_01_01//binary/armv7a/gcc/am335x/drivers/Debug/libdrivers.a(uart_irda_cir.o)
                0x800022ac                UARTOperatingModeSelect
 .text.UARTDivisorValCompute
                0x80002330      0x104 /home/brian/cmpt433/AM335X_StarterWare_02_00_01_01//binary/armv7a/gcc/am335x/drivers/Debug/libdrivers.a(uart_irda_cir.o)
                0x80002330                UARTDivisorValCompute
 .text.UARTDivisorLatchWrite
                0x80002434      0x210 /home/brian/cmpt433/AM335X_StarterWare_02_00_01_01//binary/armv7a/gcc/am335x/drivers/Debug/libdrivers.a(uart_irda_cir.o)
                0x80002434                UARTDivisorLatchWrite
 .text.UARTDivisorLatchDisable
                0x80002644       0x38 /home/brian/cmpt433/AM335X_StarterWare_02_00_01_01//binary/armv7a/gcc/am335x/drivers/Debug/libdrivers.a(uart_irda_cir.o)
                0x80002644                UARTDivisorLatchDisable
 .text.UARTRegConfigModeEnable
                0x8000267c       0x9c /home/brian/cmpt433/AM335X_StarterWare_02_00_01_01//binary/armv7a/gcc/am335x/drivers/Debug/libdrivers.a(uart_irda_cir.o)
                0x8000267c                UARTRegConfigModeEnable
 .text.UARTBreakCtl
                0x80002718       0x60 /home/brian/cmpt433/AM335X_StarterWare_02_00_01_01//binary/armv7a/gcc/am335x/drivers/Debug/libdrivers.a(uart_irda_cir.o)
                0x80002718                UARTBreakCtl
 .text.UARTLineCharacConfig
                0x80002778       0xa4 /home/brian/cmpt433/AM335X_StarterWare_02_00_01_01//binary/armv7a/gcc/am335x/drivers/Debug/libdrivers.a(uart_irda_cir.o)
                0x80002778                UARTLineCharacConfig
 .text.UARTFIFOConfig
                0x8000281c      0x480 /home/brian/cmpt433/AM335X_StarterWare_02_00_01_01//binary/armv7a/gcc/am335x/drivers/Debug/libdrivers.a(uart_irda_cir.o)
                0x8000281c                UARTFIFOConfig
 .text.UARTFIFORegisterWrite
                0x80002c9c       0xc0 /home/brian/cmpt433/AM335X_StarterWare_02_00_01_01//binary/armv7a/gcc/am335x/drivers/Debug/libdrivers.a(uart_irda_cir.o)
                0x80002c9c                UARTFIFORegisterWrite
 .text.UARTEnhanFuncEnable
                0x80002d5c       0x88 /home/brian/cmpt433/AM335X_StarterWare_02_00_01_01//binary/armv7a/gcc/am335x/drivers/Debug/libdrivers.a(uart_irda_cir.o)
                0x80002d5c                UARTEnhanFuncEnable
 .text.UARTEnhanFuncBitValRestore
                0x80002de4       0x8c /home/brian/cmpt433/AM335X_StarterWare_02_00_01_01//binary/armv7a/gcc/am335x/drivers/Debug/libdrivers.a(uart_irda_cir.o)
                0x80002de4                UARTEnhanFuncBitValRestore
 .text.UARTSubConfigTCRTLRModeEn
                0x80002e70      0x124 /home/brian/cmpt433/AM335X_StarterWare_02_00_01_01//binary/armv7a/gcc/am335x/drivers/Debug/libdrivers.a(uart_irda_cir.o)
                0x80002e70                UARTSubConfigTCRTLRModeEn
 .text.UARTTCRTLRBitValRestore
                0x80002f94      0x128 /home/brian/cmpt433/AM335X_StarterWare_02_00_01_01//binary/armv7a/gcc/am335x/drivers/Debug/libdrivers.a(uart_irda_cir.o)
                0x80002f94                UARTTCRTLRBitValRestore
 .text.UARTCharPut
                0x800030bc       0x78 /home/brian/cmpt433/AM335X_StarterWare_02_00_01_01//binary/armv7a/gcc/am335x/drivers/Debug/libdrivers.a(uart_irda_cir.o)
                0x800030bc                UARTCharPut
 .text.UARTModuleReset
                0x80003134       0x54 /home/brian/cmpt433/AM335X_StarterWare_02_00_01_01//binary/armv7a/gcc/am335x/drivers/Debug/libdrivers.a(uart_irda_cir.o)
                0x80003134                UARTModuleReset
 *(.rodata*)
 .rodata        0x80003188       0x34 Debug/bm_timer.o
 .rodata        0x800031bc       0x50 /home/brian/cmpt433/AM335X_StarterWare_02_00_01_01//binary/armv7a/gcc/utils/Debug/libutils.a(consoleUtils.o)
 .rodata        0x8000320c       0x60 /home/brian/cmpt433/AM335X_StarterWare_02_00_01_01//binary/armv7a/gcc/utils/Debug/libutils.a(uartStdio.o)
 .rodata.g_pcHex
                0x8000326c        0x4 /home/brian/cmpt433/AM335X_StarterWare_02_00_01_01//binary/armv7a/gcc/utils/Debug/libutils.a(uartStdio.o)
 .rodata.AM335X_VECTOR_BASE
                0x80003270        0x4 /home/brian/cmpt433/AM335X_StarterWare_02_00_01_01//binary/armv7a/gcc/am335x/system_config/Debug/libsystem_config.a(startup.o)
                0x80003270                AM335X_VECTOR_BASE
 .rodata.vecTbl
                0x80003274       0x38 /home/brian/cmpt433/AM335X_StarterWare_02_00_01_01//binary/armv7a/gcc/am335x/system_config/Debug/libsystem_config.a(startup.o)

.glue_7         0x800032ac        0x0
 .glue_7        0x00000000        0x0 linker stubs

.glue_7t        0x800032ac        0x0
 .glue_7t       0x00000000        0x0 linker stubs

.vfp11_veneer   0x800032ac        0x0
 .vfp11_veneer  0x00000000        0x0 linker stubs

.v4_bx          0x800032ac        0x0
 .v4_bx         0x00000000        0x0 linker stubs

.iplt           0x800032ac        0x0
 .iplt          0x00000000        0x0 Debug/bm_timer.o

.rel.dyn        0x800032ac        0x0
 .rel.iplt      0x00000000        0x0 Debug/bm_timer.o

.data           0x800032ac        0x0
                0x800032ac                . = ALIGN (0x4)
 *(.data*)

.igot.plt       0x800032ac        0x0
 .igot.plt      0x00000000        0x0 Debug/bm_timer.o

.bss            0x800032ac      0x20c
                0x800032ac                . = ALIGN (0x4)
                0x800032ac                _bss_start = .
 *(.bss*)
 .bss.isrCounter
                0x800032ac        0x4 Debug/bm_timer.o
 .bss.flagIsr   0x800032b0        0x4 Debug/bm_timer.o
 .bss.ConsoleType
                0x800032b4        0x1 /home/brian/cmpt433/AM335X_StarterWare_02_00_01_01//binary/armv7a/gcc/utils/Debug/libutils.a(consoleUtils.o)
 *(COMMON)
 *fill*         0x800032b5        0x3 00
 COMMON         0x800032b8      0x200 /home/brian/cmpt433/AM335X_StarterWare_02_00_01_01//binary/armv7a/gcc/am335x/system_config/Debug/libsystem_config.a(interrupt.o)
                0x800032b8                fnRAMVectors
                0x800034b8                _bss_end = .

.heap           0x800034b8      0x800
                0x800034b8                . = ALIGN (0x4)
                0x800034b8                __end__ = .
                0x800034b8                end = __end__
                0x800034b8                __HeapBase = __end__
 *(.heap*)
                0x80003cb8                . = (. + 0x800)
 *fill*         0x800034b8      0x800 00
                0x80003cb8                __HeapLimit = .

.stack          0x80003cb8  0x7fffff8
                0x80003cb8                . = ALIGN (0x4)
                0x80003cb8                __StackLimit = .
 *(.stack*)
                0x88003cb0                . = (. + 0x7fffff8)
 *fill*         0x80003cb8  0x7fffff8 00
                0x88003cb0                __StackTop = .
                0x88003cb0                _stack = __StackTop
OUTPUT(Debug/bm_timer.out elf32-littlearm)

.debug_info     0x00000000     0x3441
 .debug_info    0x00000000      0x122 Debug/bm_timer.o
 .debug_info    0x00000122      0x5d0 /home/brian/cmpt433/AM335X_StarterWare_02_00_01_01//binary/armv7a/gcc/am335x/drivers/Debug/libdrivers.a(dmtimer.o)
 .debug_info    0x000006f2      0x45c /home/brian/cmpt433/AM335X_StarterWare_02_00_01_01//binary/armv7a/gcc/am335x/drivers/Debug/libdrivers.a(watchdog.o)
 .debug_info    0x00000b4e      0x29a /home/brian/cmpt433/AM335X_StarterWare_02_00_01_01//binary/armv7a/gcc/utils/Debug/libutils.a(consoleUtils.o)
 .debug_info    0x00000de8      0x69a /home/brian/cmpt433/AM335X_StarterWare_02_00_01_01//binary/armv7a/gcc/utils/Debug/libutils.a(uartStdio.o)
 .debug_info    0x00001482       0xd3 /home/brian/cmpt433/AM335X_StarterWare_02_00_01_01//binary/armv7a/gcc/am335x/beaglebone/platform/Debug/libplatform.a(dmtimer.o)
 .debug_info    0x00001555      0x156 /home/brian/cmpt433/AM335X_StarterWare_02_00_01_01//binary/armv7a/gcc/am335x/beaglebone/platform/Debug/libplatform.a(uartConsole.o)
 .debug_info    0x000016ab       0x7e /home/brian/cmpt433/AM335X_StarterWare_02_00_01_01//binary/armv7a/gcc/am335x/beaglebone/platform/Debug/libplatform.a(uart.o)
 .debug_info    0x00001729       0xb1 /home/brian/cmpt433/AM335X_StarterWare_02_00_01_01//binary/armv7a/gcc/am335x/system_config/Debug/libsystem_config.a(init.o)
 .debug_info    0x000017da      0x46f /home/brian/cmpt433/AM335X_StarterWare_02_00_01_01//binary/armv7a/gcc/am335x/system_config/Debug/libsystem_config.a(interrupt.o)
 .debug_info    0x00001c49       0xe0 /home/brian/cmpt433/AM335X_StarterWare_02_00_01_01//binary/armv7a/gcc/am335x/system_config/Debug/libsystem_config.a(startup.o)
 .debug_info    0x00001d29       0xb1 /home/brian/cmpt433/AM335X_StarterWare_02_00_01_01//binary/armv7a/gcc/am335x/system_config/Debug/libsystem_config.a(cp15.o)
 .debug_info    0x00001dda       0xf8 /home/brian/cmpt433/AM335X_StarterWare_02_00_01_01//binary/armv7a/gcc/am335x/system_config/Debug/libsystem_config.a(cpu.o)
 .debug_info    0x00001ed2       0xc4 /home/brian/cmpt433/AM335X_StarterWare_02_00_01_01//binary/armv7a/gcc/am335x/system_config/Debug/libsystem_config.a(exceptionhandler.o)
 .debug_info    0x00001f96     0x14ab /home/brian/cmpt433/AM335X_StarterWare_02_00_01_01//binary/armv7a/gcc/am335x/drivers/Debug/libdrivers.a(uart_irda_cir.o)

.debug_abbrev   0x00000000      0xb65
 .debug_abbrev  0x00000000       0x8c Debug/bm_timer.o
 .debug_abbrev  0x0000008c      0x122 /home/brian/cmpt433/AM335X_StarterWare_02_00_01_01//binary/armv7a/gcc/am335x/drivers/Debug/libdrivers.a(dmtimer.o)
 .debug_abbrev  0x000001ae      0x108 /home/brian/cmpt433/AM335X_StarterWare_02_00_01_01//binary/armv7a/gcc/am335x/drivers/Debug/libdrivers.a(watchdog.o)
 .debug_abbrev  0x000002b6      0x156 /home/brian/cmpt433/AM335X_StarterWare_02_00_01_01//binary/armv7a/gcc/utils/Debug/libutils.a(consoleUtils.o)
 .debug_abbrev  0x0000040c      0x186 /home/brian/cmpt433/AM335X_StarterWare_02_00_01_01//binary/armv7a/gcc/utils/Debug/libutils.a(uartStdio.o)
 .debug_abbrev  0x00000592       0x7a /home/brian/cmpt433/AM335X_StarterWare_02_00_01_01//binary/armv7a/gcc/am335x/beaglebone/platform/Debug/libplatform.a(dmtimer.o)
 .debug_abbrev  0x0000060c       0xa3 /home/brian/cmpt433/AM335X_StarterWare_02_00_01_01//binary/armv7a/gcc/am335x/beaglebone/platform/Debug/libplatform.a(uartConsole.o)
 .debug_abbrev  0x000006af       0x62 /home/brian/cmpt433/AM335X_StarterWare_02_00_01_01//binary/armv7a/gcc/am335x/beaglebone/platform/Debug/libplatform.a(uart.o)
 .debug_abbrev  0x00000711       0x14 /home/brian/cmpt433/AM335X_StarterWare_02_00_01_01//binary/armv7a/gcc/am335x/system_config/Debug/libsystem_config.a(init.o)
 .debug_abbrev  0x00000725      0x1c2 /home/brian/cmpt433/AM335X_StarterWare_02_00_01_01//binary/armv7a/gcc/am335x/system_config/Debug/libsystem_config.a(interrupt.o)
 .debug_abbrev  0x000008e7       0xa4 /home/brian/cmpt433/AM335X_StarterWare_02_00_01_01//binary/armv7a/gcc/am335x/system_config/Debug/libsystem_config.a(startup.o)
 .debug_abbrev  0x0000098b       0x14 /home/brian/cmpt433/AM335X_StarterWare_02_00_01_01//binary/armv7a/gcc/am335x/system_config/Debug/libsystem_config.a(cp15.o)
 .debug_abbrev  0x0000099f       0x64 /home/brian/cmpt433/AM335X_StarterWare_02_00_01_01//binary/armv7a/gcc/am335x/system_config/Debug/libsystem_config.a(cpu.o)
 .debug_abbrev  0x00000a03       0x14 /home/brian/cmpt433/AM335X_StarterWare_02_00_01_01//binary/armv7a/gcc/am335x/system_config/Debug/libsystem_config.a(exceptionhandler.o)
 .debug_abbrev  0x00000a17      0x14e /home/brian/cmpt433/AM335X_StarterWare_02_00_01_01//binary/armv7a/gcc/am335x/drivers/Debug/libdrivers.a(uart_irda_cir.o)

.debug_loc      0x00000000     0x2334
 .debug_loc     0x00000000      0x108 Debug/bm_timer.o
 .debug_loc     0x00000108      0x478 /home/brian/cmpt433/AM335X_StarterWare_02_00_01_01//binary/armv7a/gcc/am335x/drivers/Debug/libdrivers.a(dmtimer.o)
 .debug_loc     0x00000580      0x39c /home/brian/cmpt433/AM335X_StarterWare_02_00_01_01//binary/armv7a/gcc/am335x/drivers/Debug/libdrivers.a(watchdog.o)
 .debug_loc     0x0000091c      0x178 /home/brian/cmpt433/AM335X_StarterWare_02_00_01_01//binary/armv7a/gcc/utils/Debug/libutils.a(consoleUtils.o)
 .debug_loc     0x00000a94      0x274 /home/brian/cmpt433/AM335X_StarterWare_02_00_01_01//binary/armv7a/gcc/utils/Debug/libutils.a(uartStdio.o)
 .debug_loc     0x00000d08      0x108 /home/brian/cmpt433/AM335X_StarterWare_02_00_01_01//binary/armv7a/gcc/am335x/beaglebone/platform/Debug/libplatform.a(dmtimer.o)
 .debug_loc     0x00000e10      0x108 /home/brian/cmpt433/AM335X_StarterWare_02_00_01_01//binary/armv7a/gcc/am335x/beaglebone/platform/Debug/libplatform.a(uartConsole.o)
 .debug_loc     0x00000f18       0x58 /home/brian/cmpt433/AM335X_StarterWare_02_00_01_01//binary/armv7a/gcc/am335x/beaglebone/platform/Debug/libplatform.a(uart.o)
 .debug_loc     0x00000f70      0x554 /home/brian/cmpt433/AM335X_StarterWare_02_00_01_01//binary/armv7a/gcc/am335x/system_config/Debug/libsystem_config.a(interrupt.o)
 .debug_loc     0x000014c4       0x58 /home/brian/cmpt433/AM335X_StarterWare_02_00_01_01//binary/armv7a/gcc/am335x/system_config/Debug/libsystem_config.a(startup.o)
 .debug_loc     0x0000151c      0x160 /home/brian/cmpt433/AM335X_StarterWare_02_00_01_01//binary/armv7a/gcc/am335x/system_config/Debug/libsystem_config.a(cpu.o)
 .debug_loc     0x0000167c      0xcb8 /home/brian/cmpt433/AM335X_StarterWare_02_00_01_01//binary/armv7a/gcc/am335x/drivers/Debug/libdrivers.a(uart_irda_cir.o)

.debug_aranges  0x00000000      0x7e0
 .debug_aranges
                0x00000000       0x48 Debug/bm_timer.o
 .debug_aranges
                0x00000048       0xe8 /home/brian/cmpt433/AM335X_StarterWare_02_00_01_01//binary/armv7a/gcc/am335x/drivers/Debug/libdrivers.a(dmtimer.o)
 .debug_aranges
                0x00000130       0xc0 /home/brian/cmpt433/AM335X_StarterWare_02_00_01_01//binary/armv7a/gcc/am335x/drivers/Debug/libdrivers.a(watchdog.o)
 .debug_aranges
                0x000001f0       0x58 /home/brian/cmpt433/AM335X_StarterWare_02_00_01_01//binary/armv7a/gcc/utils/Debug/libutils.a(consoleUtils.o)
 .debug_aranges
                0x00000248       0x88 /home/brian/cmpt433/AM335X_StarterWare_02_00_01_01//binary/armv7a/gcc/utils/Debug/libutils.a(uartStdio.o)
 .debug_aranges
                0x000002d0       0x48 /home/brian/cmpt433/AM335X_StarterWare_02_00_01_01//binary/armv7a/gcc/am335x/beaglebone/platform/Debug/libplatform.a(dmtimer.o)
 .debug_aranges
                0x00000318       0x48 /home/brian/cmpt433/AM335X_StarterWare_02_00_01_01//binary/armv7a/gcc/am335x/beaglebone/platform/Debug/libplatform.a(uartConsole.o)
 .debug_aranges
                0x00000360       0x28 /home/brian/cmpt433/AM335X_StarterWare_02_00_01_01//binary/armv7a/gcc/am335x/beaglebone/platform/Debug/libplatform.a(uart.o)
 .debug_aranges
                0x00000388       0x20 /home/brian/cmpt433/AM335X_StarterWare_02_00_01_01//binary/armv7a/gcc/am335x/system_config/Debug/libsystem_config.a(init.o)
 .debug_aranges
                0x000003a8      0x110 /home/brian/cmpt433/AM335X_StarterWare_02_00_01_01//binary/armv7a/gcc/am335x/system_config/Debug/libsystem_config.a(interrupt.o)
 .debug_aranges
                0x000004b8       0x28 /home/brian/cmpt433/AM335X_StarterWare_02_00_01_01//binary/armv7a/gcc/am335x/system_config/Debug/libsystem_config.a(startup.o)
 .debug_aranges
                0x000004e0       0x20 /home/brian/cmpt433/AM335X_StarterWare_02_00_01_01//binary/armv7a/gcc/am335x/system_config/Debug/libsystem_config.a(cp15.o)
 .debug_aranges
                0x00000500       0x58 /home/brian/cmpt433/AM335X_StarterWare_02_00_01_01//binary/armv7a/gcc/am335x/system_config/Debug/libsystem_config.a(cpu.o)
 .debug_aranges
                0x00000558       0x20 /home/brian/cmpt433/AM335X_StarterWare_02_00_01_01//binary/armv7a/gcc/am335x/system_config/Debug/libsystem_config.a(exceptionhandler.o)
 .debug_aranges
                0x00000578      0x268 /home/brian/cmpt433/AM335X_StarterWare_02_00_01_01//binary/armv7a/gcc/am335x/drivers/Debug/libdrivers.a(uart_irda_cir.o)

.debug_ranges   0x00000000      0x6c0
 .debug_ranges  0x00000000       0x38 Debug/bm_timer.o
 .debug_ranges  0x00000038       0xd8 /home/brian/cmpt433/AM335X_StarterWare_02_00_01_01//binary/armv7a/gcc/am335x/drivers/Debug/libdrivers.a(dmtimer.o)
 .debug_ranges  0x00000110       0xb0 /home/brian/cmpt433/AM335X_StarterWare_02_00_01_01//binary/armv7a/gcc/am335x/drivers/Debug/libdrivers.a(watchdog.o)
 .debug_ranges  0x000001c0       0x48 /home/brian/cmpt433/AM335X_StarterWare_02_00_01_01//binary/armv7a/gcc/utils/Debug/libutils.a(consoleUtils.o)
 .debug_ranges  0x00000208       0x78 /home/brian/cmpt433/AM335X_StarterWare_02_00_01_01//binary/armv7a/gcc/utils/Debug/libutils.a(uartStdio.o)
 .debug_ranges  0x00000280       0x38 /home/brian/cmpt433/AM335X_StarterWare_02_00_01_01//binary/armv7a/gcc/am335x/beaglebone/platform/Debug/libplatform.a(dmtimer.o)
 .debug_ranges  0x000002b8       0x38 /home/brian/cmpt433/AM335X_StarterWare_02_00_01_01//binary/armv7a/gcc/am335x/beaglebone/platform/Debug/libplatform.a(uartConsole.o)
 .debug_ranges  0x000002f0       0x18 /home/brian/cmpt433/AM335X_StarterWare_02_00_01_01//binary/armv7a/gcc/am335x/beaglebone/platform/Debug/libplatform.a(uart.o)
 .debug_ranges  0x00000308      0x100 /home/brian/cmpt433/AM335X_StarterWare_02_00_01_01//binary/armv7a/gcc/am335x/system_config/Debug/libsystem_config.a(interrupt.o)
 .debug_ranges  0x00000408       0x18 /home/brian/cmpt433/AM335X_StarterWare_02_00_01_01//binary/armv7a/gcc/am335x/system_config/Debug/libsystem_config.a(startup.o)
 .debug_ranges  0x00000420       0x48 /home/brian/cmpt433/AM335X_StarterWare_02_00_01_01//binary/armv7a/gcc/am335x/system_config/Debug/libsystem_config.a(cpu.o)
 .debug_ranges  0x00000468      0x258 /home/brian/cmpt433/AM335X_StarterWare_02_00_01_01//binary/armv7a/gcc/am335x/drivers/Debug/libdrivers.a(uart_irda_cir.o)

.debug_line     0x00000000     0x2192
 .debug_line    0x00000000      0x105 Debug/bm_timer.o
 .debug_line    0x00000105      0x2f7 /home/brian/cmpt433/AM335X_StarterWare_02_00_01_01//binary/armv7a/gcc/am335x/drivers/Debug/libdrivers.a(dmtimer.o)
 .debug_line    0x000003fc      0x221 /home/brian/cmpt433/AM335X_StarterWare_02_00_01_01//binary/armv7a/gcc/am335x/drivers/Debug/libdrivers.a(watchdog.o)
 .debug_line    0x0000061d      0x1ab /home/brian/cmpt433/AM335X_StarterWare_02_00_01_01//binary/armv7a/gcc/utils/Debug/libutils.a(consoleUtils.o)
 .debug_line    0x000007c8      0x642 /home/brian/cmpt433/AM335X_StarterWare_02_00_01_01//binary/armv7a/gcc/utils/Debug/libutils.a(uartStdio.o)
 .debug_line    0x00000e0a      0x304 /home/brian/cmpt433/AM335X_StarterWare_02_00_01_01//binary/armv7a/gcc/am335x/beaglebone/platform/Debug/libplatform.a(dmtimer.o)
 .debug_line    0x0000110e       0xd2 /home/brian/cmpt433/AM335X_StarterWare_02_00_01_01//binary/armv7a/gcc/am335x/beaglebone/platform/Debug/libplatform.a(uartConsole.o)
 .debug_line    0x000011e0      0x16a /home/brian/cmpt433/AM335X_StarterWare_02_00_01_01//binary/armv7a/gcc/am335x/beaglebone/platform/Debug/libplatform.a(uart.o)
 .debug_line    0x0000134a       0x95 /home/brian/cmpt433/AM335X_StarterWare_02_00_01_01//binary/armv7a/gcc/am335x/system_config/Debug/libsystem_config.a(init.o)
 .debug_line    0x000013df      0x2bb /home/brian/cmpt433/AM335X_StarterWare_02_00_01_01//binary/armv7a/gcc/am335x/system_config/Debug/libsystem_config.a(interrupt.o)
 .debug_line    0x0000169a       0x96 /home/brian/cmpt433/AM335X_StarterWare_02_00_01_01//binary/armv7a/gcc/am335x/system_config/Debug/libsystem_config.a(startup.o)
 .debug_line    0x00001730      0x18a /home/brian/cmpt433/AM335X_StarterWare_02_00_01_01//binary/armv7a/gcc/am335x/system_config/Debug/libsystem_config.a(cp15.o)
 .debug_line    0x000018ba       0xde /home/brian/cmpt433/AM335X_StarterWare_02_00_01_01//binary/armv7a/gcc/am335x/system_config/Debug/libsystem_config.a(cpu.o)
 .debug_line    0x00001998       0xb9 /home/brian/cmpt433/AM335X_StarterWare_02_00_01_01//binary/armv7a/gcc/am335x/system_config/Debug/libsystem_config.a(exceptionhandler.o)
 .debug_line    0x00001a51      0x741 /home/brian/cmpt433/AM335X_StarterWare_02_00_01_01//binary/armv7a/gcc/am335x/drivers/Debug/libdrivers.a(uart_irda_cir.o)

.debug_str      0x00000000     0x1913
 .debug_str     0x00000000      0x152 Debug/bm_timer.o
                                0x15f (size before relaxing)
 .debug_str     0x00000152      0x314 /home/brian/cmpt433/AM335X_StarterWare_02_00_01_01//binary/armv7a/gcc/am335x/drivers/Debug/libdrivers.a(dmtimer.o)
                                0x378 (size before relaxing)
 .debug_str     0x00000466      0x268 /home/brian/cmpt433/AM335X_StarterWare_02_00_01_01//binary/armv7a/gcc/am335x/drivers/Debug/libdrivers.a(watchdog.o)
                                0x330 (size before relaxing)
 .debug_str     0x000006ce      0x1b1 /home/brian/cmpt433/AM335X_StarterWare_02_00_01_01//binary/armv7a/gcc/utils/Debug/libutils.a(consoleUtils.o)
                                0x291 (size before relaxing)
 .debug_str     0x0000087f      0x1ae /home/brian/cmpt433/AM335X_StarterWare_02_00_01_01//binary/armv7a/gcc/utils/Debug/libutils.a(uartStdio.o)
                                0x2ae (size before relaxing)
 .debug_str     0x00000a2d      0x12c /home/brian/cmpt433/AM335X_StarterWare_02_00_01_01//binary/armv7a/gcc/am335x/beaglebone/platform/Debug/libplatform.a(dmtimer.o)
                                0x190 (size before relaxing)
 .debug_str     0x00000b59       0xd9 /home/brian/cmpt433/AM335X_StarterWare_02_00_01_01//binary/armv7a/gcc/am335x/beaglebone/platform/Debug/libplatform.a(uartConsole.o)
                                0x1a5 (size before relaxing)
 .debug_str     0x00000c32       0x5f /home/brian/cmpt433/AM335X_StarterWare_02_00_01_01//binary/armv7a/gcc/am335x/beaglebone/platform/Debug/libplatform.a(uart.o)
                                0x12b (size before relaxing)
 .debug_str     0x00000c91      0x2f5 /home/brian/cmpt433/AM335X_StarterWare_02_00_01_01//binary/armv7a/gcc/am335x/system_config/Debug/libsystem_config.a(interrupt.o)
                                0x387 (size before relaxing)
 .debug_str     0x00000f86       0x70 /home/brian/cmpt433/AM335X_StarterWare_02_00_01_01//binary/armv7a/gcc/am335x/system_config/Debug/libsystem_config.a(startup.o)
                                0x13c (size before relaxing)
 .debug_str     0x00000ff6       0x9f /home/brian/cmpt433/AM335X_StarterWare_02_00_01_01//binary/armv7a/gcc/am335x/system_config/Debug/libsystem_config.a(cpu.o)
                                0x14e (size before relaxing)
 .debug_str     0x00001095      0x87e /home/brian/cmpt433/AM335X_StarterWare_02_00_01_01//binary/armv7a/gcc/am335x/drivers/Debug/libdrivers.a(uart_irda_cir.o)
                                0x971 (size before relaxing)

.comment        0x00000000       0x70
 .comment       0x00000000       0x70 Debug/bm_timer.o
                                 0x71 (size before relaxing)
 .comment       0x00000000       0x71 /home/brian/cmpt433/AM335X_StarterWare_02_00_01_01//binary/armv7a/gcc/am335x/drivers/Debug/libdrivers.a(dmtimer.o)
 .comment       0x00000000       0x71 /home/brian/cmpt433/AM335X_StarterWare_02_00_01_01//binary/armv7a/gcc/am335x/drivers/Debug/libdrivers.a(watchdog.o)
 .comment       0x00000000       0x71 /home/brian/cmpt433/AM335X_StarterWare_02_00_01_01//binary/armv7a/gcc/utils/Debug/libutils.a(consoleUtils.o)
 .comment       0x00000000       0x71 /home/brian/cmpt433/AM335X_StarterWare_02_00_01_01//binary/armv7a/gcc/utils/Debug/libutils.a(uartStdio.o)
 .comment       0x00000000       0x71 /home/brian/cmpt433/AM335X_StarterWare_02_00_01_01//binary/armv7a/gcc/am335x/beaglebone/platform/Debug/libplatform.a(dmtimer.o)
 .comment       0x00000000       0x71 /home/brian/cmpt433/AM335X_StarterWare_02_00_01_01//binary/armv7a/gcc/am335x/beaglebone/platform/Debug/libplatform.a(uartConsole.o)
 .comment       0x00000000       0x71 /home/brian/cmpt433/AM335X_StarterWare_02_00_01_01//binary/armv7a/gcc/am335x/beaglebone/platform/Debug/libplatform.a(uart.o)
 .comment       0x00000000       0x71 /home/brian/cmpt433/AM335X_StarterWare_02_00_01_01//binary/armv7a/gcc/am335x/system_config/Debug/libsystem_config.a(interrupt.o)
 .comment       0x00000000       0x71 /home/brian/cmpt433/AM335X_StarterWare_02_00_01_01//binary/armv7a/gcc/am335x/system_config/Debug/libsystem_config.a(startup.o)
 .comment       0x00000000       0x71 /home/brian/cmpt433/AM335X_StarterWare_02_00_01_01//binary/armv7a/gcc/am335x/system_config/Debug/libsystem_config.a(cpu.o)
 .comment       0x00000000       0x71 /home/brian/cmpt433/AM335X_StarterWare_02_00_01_01//binary/armv7a/gcc/am335x/drivers/Debug/libdrivers.a(uart_irda_cir.o)

.ARM.attributes
                0x00000000       0x3b
 .ARM.attributes
                0x00000000       0x37 Debug/bm_timer.o
 .ARM.attributes
                0x00000037       0x37 /home/brian/cmpt433/AM335X_StarterWare_02_00_01_01//binary/armv7a/gcc/am335x/drivers/Debug/libdrivers.a(dmtimer.o)
 .ARM.attributes
                0x0000006e       0x37 /home/brian/cmpt433/AM335X_StarterWare_02_00_01_01//binary/armv7a/gcc/am335x/drivers/Debug/libdrivers.a(watchdog.o)
 .ARM.attributes
                0x000000a5       0x37 /home/brian/cmpt433/AM335X_StarterWare_02_00_01_01//binary/armv7a/gcc/utils/Debug/libutils.a(consoleUtils.o)
 .ARM.attributes
                0x000000dc       0x37 /home/brian/cmpt433/AM335X_StarterWare_02_00_01_01//binary/armv7a/gcc/utils/Debug/libutils.a(uartStdio.o)
 .ARM.attributes
                0x00000113       0x37 /home/brian/cmpt433/AM335X_StarterWare_02_00_01_01//binary/armv7a/gcc/am335x/beaglebone/platform/Debug/libplatform.a(dmtimer.o)
 .ARM.attributes
                0x0000014a       0x37 /home/brian/cmpt433/AM335X_StarterWare_02_00_01_01//binary/armv7a/gcc/am335x/beaglebone/platform/Debug/libplatform.a(uartConsole.o)
 .ARM.attributes
                0x00000181       0x37 /home/brian/cmpt433/AM335X_StarterWare_02_00_01_01//binary/armv7a/gcc/am335x/beaglebone/platform/Debug/libplatform.a(uart.o)
 .ARM.attributes
                0x000001b8       0x23 /home/brian/cmpt433/AM335X_StarterWare_02_00_01_01//binary/armv7a/gcc/am335x/system_config/Debug/libsystem_config.a(init.o)
 .ARM.attributes
                0x000001db       0x3d /home/brian/cmpt433/AM335X_StarterWare_02_00_01_01//binary/armv7a/gcc/am335x/system_config/Debug/libsystem_config.a(interrupt.o)
 .ARM.attributes
                0x00000218       0x3d /home/brian/cmpt433/AM335X_StarterWare_02_00_01_01//binary/armv7a/gcc/am335x/system_config/Debug/libsystem_config.a(startup.o)
 .ARM.attributes
                0x00000255       0x23 /home/brian/cmpt433/AM335X_StarterWare_02_00_01_01//binary/armv7a/gcc/am335x/system_config/Debug/libsystem_config.a(cp15.o)
 .ARM.attributes
                0x00000278       0x3d /home/brian/cmpt433/AM335X_StarterWare_02_00_01_01//binary/armv7a/gcc/am335x/system_config/Debug/libsystem_config.a(cpu.o)
 .ARM.attributes
                0x000002b5       0x23 /home/brian/cmpt433/AM335X_StarterWare_02_00_01_01//binary/armv7a/gcc/am335x/system_config/Debug/libsystem_config.a(exceptionhandler.o)
 .ARM.attributes
                0x000002d8       0x18 /home/brian/cmpt433/linaro-gcc/gcc-arm-none-eabi-4_7-2012q4/lib/gcc/arm-none-eabi/4.7.3//libgcc.a(_udivsi3.o)
 .ARM.attributes
                0x000002f0       0x18 /home/brian/cmpt433/linaro-gcc/gcc-arm-none-eabi-4_7-2012q4/lib/gcc/arm-none-eabi/4.7.3//libgcc.a(_divsi3.o)
 .ARM.attributes
                0x00000308       0x18 /home/brian/cmpt433/linaro-gcc/gcc-arm-none-eabi-4_7-2012q4/lib/gcc/arm-none-eabi/4.7.3//libgcc.a(_dvmd_tls.o)
 .ARM.attributes
                0x00000320       0x37 /home/brian/cmpt433/AM335X_StarterWare_02_00_01_01//binary/armv7a/gcc/am335x/drivers/Debug/libdrivers.a(uart_irda_cir.o)

.debug_frame    0x00000000     0x15c4
 .debug_frame   0x00000000       0xb8 Debug/bm_timer.o
 .debug_frame   0x000000b8      0x2b4 /home/brian/cmpt433/AM335X_StarterWare_02_00_01_01//binary/armv7a/gcc/am335x/drivers/Debug/libdrivers.a(dmtimer.o)
 .debug_frame   0x0000036c      0x228 /home/brian/cmpt433/AM335X_StarterWare_02_00_01_01//binary/armv7a/gcc/am335x/drivers/Debug/libdrivers.a(watchdog.o)
 .debug_frame   0x00000594      0x108 /home/brian/cmpt433/AM335X_StarterWare_02_00_01_01//binary/armv7a/gcc/utils/Debug/libutils.a(consoleUtils.o)
 .debug_frame   0x0000069c      0x1a8 /home/brian/cmpt433/AM335X_StarterWare_02_00_01_01//binary/armv7a/gcc/utils/Debug/libutils.a(uartStdio.o)
 .debug_frame   0x00000844       0xa0 /home/brian/cmpt433/AM335X_StarterWare_02_00_01_01//binary/armv7a/gcc/am335x/beaglebone/platform/Debug/libplatform.a(dmtimer.o)
 .debug_frame   0x000008e4       0xb8 /home/brian/cmpt433/AM335X_StarterWare_02_00_01_01//binary/armv7a/gcc/am335x/beaglebone/platform/Debug/libplatform.a(uartConsole.o)
 .debug_frame   0x0000099c       0x40 /home/brian/cmpt433/AM335X_StarterWare_02_00_01_01//binary/armv7a/gcc/am335x/beaglebone/platform/Debug/libplatform.a(uart.o)
 .debug_frame   0x000009dc      0x314 /home/brian/cmpt433/AM335X_StarterWare_02_00_01_01//binary/armv7a/gcc/am335x/system_config/Debug/libsystem_config.a(interrupt.o)
 .debug_frame   0x00000cf0       0x48 /home/brian/cmpt433/AM335X_StarterWare_02_00_01_01//binary/armv7a/gcc/am335x/system_config/Debug/libsystem_config.a(startup.o)
 .debug_frame   0x00000d38       0xd4 /home/brian/cmpt433/AM335X_StarterWare_02_00_01_01//binary/armv7a/gcc/am335x/system_config/Debug/libsystem_config.a(cpu.o)
 .debug_frame   0x00000e0c       0x20 /home/brian/cmpt433/linaro-gcc/gcc-arm-none-eabi-4_7-2012q4/lib/gcc/arm-none-eabi/4.7.3//libgcc.a(_udivsi3.o)
 .debug_frame   0x00000e2c       0x20 /home/brian/cmpt433/linaro-gcc/gcc-arm-none-eabi-4_7-2012q4/lib/gcc/arm-none-eabi/4.7.3//libgcc.a(_divsi3.o)
 .debug_frame   0x00000e4c      0x778 /home/brian/cmpt433/AM335X_StarterWare_02_00_01_01//binary/armv7a/gcc/am335x/drivers/Debug/libdrivers.a(uart_irda_cir.o)
